=========================================
       SEMANTIC ANALYSIS REPORT
=========================================

Source File : /home/amirishetty/parsing stage/parsing stage work/phase2b-semantic/test/invalid/e19_anonymous_unions.c

Semantic analysis failed: 8 error(s), 0 warning(s) in '/home/amirishetty/parsing stage/parsing stage work/phase2b-semantic/test/invalid/e19_anonymous_unions.c'.

/home/amirishetty/parsing stage/parsing stage work/phase2b-semantic/test/invalid/e19_anonymous_unions.c:3:1: semantic error: anonymous union at file scope must be declared 'static' [anonymous-union]
 3 | union { int g1; float g2; };                   // error: anonymous union at file scope must be declared 'static'
   | ^

/home/amirishetty/parsing stage/parsing stage work/phase2b-semantic/test/invalid/e19_anonymous_unions.c:9:17: semantic error: duplicate declaration of 'x' in the same scope (previous declaration at line 7) [redeclaration]
 9 |     union { int x; };                          // error: duplicate declaration of 'x' in the same scope
   |                 ^

/home/amirishetty/parsing stage/parsing stage work/phase2b-semantic/test/invalid/e19_anonymous_unions.c:10:25: semantic error: member function 'f()' is not allowed in an anonymous union: it may only have public non-static data members [anonymous-union]
 10 |     union { int m; void f(); };                // error: member function 'f()' is not allowed in an anonymous union
    |                         ^

/home/amirishetty/parsing stage/parsing stage work/phase2b-semantic/test/invalid/e19_anonymous_unions.c:11:26: semantic error: private member 'p' is not allowed in an anonymous union: it may only have public non-static data members [anonymous-union]
 11 |     union { private: int p; };                 // error: private member 'p' is not allowed in an anonymous union
    |                          ^

/home/amirishetty/parsing stage/parsing stage work/phase2b-semantic/test/invalid/e19_anonymous_unions.c:12:13: semantic error: an anonymous struct is only allowed inside a named struct, union or class [anonymous-union]
 12 |     union { struct { int lo, hi; }; int w; };  // error: an anonymous struct is only allowed inside a named
    |             ^

/home/amirishetty/parsing stage/parsing stage work/phase2b-semantic/test/invalid/e19_anonymous_unions.c:13:17: semantic error: duplicate declaration of 'a' in the same scope (previous declaration at line 8) [redeclaration]
 13 |     union { int a; };                          // error: duplicate declaration of 'a' in the same scope
    |                 ^

/home/amirishetty/parsing stage/parsing stage work/phase2b-semantic/test/invalid/e19_anonymous_unions.c:17:9: semantic error: type mismatch: cannot assign 'char *' to 'int' (incompatible pointer to integer conversion) [type-mismatch]
 17 |     a = "text";                                // error: cannot assign
    |         ^

/home/amirishetty/parsing stage/parsing stage work/phase2b-semantic/test/invalid/e19_anonymous_unions.c:18:21: semantic error: undeclared identifier 'g1' [undeclared]
 18 |     return a + s1 + g1;                        // error: undeclared identifier 'g1'
    |                     ^

