=========================================
       SEMANTIC ANALYSIS REPORT
=========================================

Source File : ../phase2-parser/test/negative.c

Syntax analysis failed: 10 error(s); semantic analysis was not run.

../phase2-parser/test/negative.c:6:17: syntax error: syntax error, unexpected FLOAT_LITERAL, expecting ';'
 6 |     float d = 3..14;   
   |                 ^
   | note: insert ';' here

../phase2-parser/test/negative.c:8:14: lexical error: Unterminated character literal
 8 |     char f = 'ab;
   |              ^

../phase2-parser/test/negative.c:9:10: syntax error: syntax error, unexpected '*', expecting '('
 9 |     char *g = "hello world;
   |          ^
   | note: insert '(' here

../phase2-parser/test/negative.c:9:15: lexical error: Unterminated string literal
 9 |     char *g = "hello world;
   |               ^

../phase2-parser/test/negative.c:10:16: lexical error: Illegal character
 10 |     int h = 10 @ 2;
    |                ^

../phase2-parser/test/negative.c:11:10: lexical error: Illegal character
 11 |     int i$ = 5;
    |          ^

../phase2-parser/test/negative.c:12:13: lexical error: Illegal character
 12 |     int j = `5 + 3`;
    |             ^

../phase2-parser/test/negative.c:12:19: lexical error: Illegal character
 12 |     int j = `5 + 3`;
    |                   ^

../phase2-parser/test/negative.c:14:14: syntax error: syntax error, unexpected IDENTIFIER, expecting ';'
 14 |     int l = 0x;
    |              ^
    | note: insert ';' here

../phase2-parser/test/negative.c:16:16: syntax error: syntax error, unexpected IDENTIFIER, expecting ';'
 16 |     int n = 123abc;
    |                ^
    | note: insert ';' here

