=========================================
        SYNTAX ANALYSIS REPORT
=========================================

Source File : phase2b-semantic/test/valid/v14_warnings.c

No errors found.

--- Token / Token_Type ---
Token                          Token_Type          
-----                          ----------          
int                            int                 
helper                         PROCEDURE           
(                              open_paren_op       
int                            int                 
v                              IDENTIFIER          
)                              close_paren_op      
;                              semicolon_op        
int                            int                 
compute                        PROCEDURE           
(                              open_paren_op       
int                            int                 
v                              INT                 
)                              close_paren_op      
{                              open_brace_op       
v                              INT                 
=                              assign_op           
v                              INT                 
+                              plus_op             
1                              INT_LITERAL         
;                              semicolon_op        
}                              close_brace_op      
int                            int                 
main                           PROCEDURE           
(                              open_paren_op       
)                              close_paren_op      
{                              open_brace_op       
int                            int                 
a                              INT_ARRAY           
[                              open_bracket_op     
4                              INT_LITERAL         
]                              close_bracket_op    
;                              semicolon_op        
int                            int                 
x                              INT                 
=                              assign_op           
1                              INT_LITERAL         
;                              semicolon_op        
a                              INT_ARRAY           
[                              open_bracket_op     
4                              INT_LITERAL         
]                              close_bracket_op    
=                              assign_op           
0                              INT_LITERAL         
;                              semicolon_op        
a                              INT_ARRAY           
[                              open_bracket_op     
-                              minus_op            
1                              INT_LITERAL         
]                              close_bracket_op    
=                              assign_op           
0                              INT_LITERAL         
;                              semicolon_op        
x                              INT                 
=                              assign_op           
x                              INT                 
/                              divide_op           
0                              INT_LITERAL         
;                              semicolon_op        
printf                         printf              
(                              open_paren_op       
"%d %d\n"                      STRING_LITERAL      
,                              comma_op            
x                              INT                 
)                              close_paren_op      
;                              semicolon_op        
printf                         printf              
(                              open_paren_op       
"%s\n"                         STRING_LITERAL      
,                              comma_op            
x                              INT                 
)                              close_paren_op      
;                              semicolon_op        
int                            int                 
m                              INT                 
=                              assign_op           
'ab'                           CHAR_LITERAL        
;                              semicolon_op        
static                         static              
y                              INT                 
;                              semicolon_op        
return                         return              
helper                         PROCEDURE           
(                              open_paren_op       
x                              INT                 
)                              close_paren_op      
+                              plus_op             
compute                        PROCEDURE           
(                              open_paren_op       
m                              INT                 
)                              close_paren_op      
+                              plus_op             
y                              INT                 
;                              semicolon_op        
}                              close_brace_op      

--- Abstract Syntax Tree ---
Program "translation_unit"
|-- FunctionDecl "helper : _Z6helperi"
|   `-- ParamDecl "v : INT"
|-- FunctionDef "compute : _Z7computei"
|   |-- ParamDecl "v : INT"
|   `-- CompoundStmt
|       `-- ExprStmt
|           `-- AssignExpr "="
|               |-- Identifier "v"
|               `-- BinaryExpr "+"
|                   |-- Identifier "v"
|                   `-- IntLiteral "1"
`-- FunctionDef "main : main"
    `-- CompoundStmt
        |-- VarDecl "a : INT_ARRAY"
        |-- VarDecl "x : INT"
        |   `-- IntLiteral "1"
        |-- ExprStmt
        |   `-- AssignExpr "="
        |       |-- IndexExpr
        |       |   |-- Identifier "a"
        |       |   `-- IntLiteral "4"
        |       `-- IntLiteral "0"
        |-- ExprStmt
        |   `-- AssignExpr "="
        |       |-- IndexExpr
        |       |   |-- Identifier "a"
        |       |   `-- UnaryExpr "-"
        |       |       `-- IntLiteral "1"
        |       `-- IntLiteral "0"
        |-- ExprStmt
        |   `-- AssignExpr "="
        |       |-- Identifier "x"
        |       `-- BinaryExpr "/"
        |           |-- Identifier "x"
        |           `-- IntLiteral "0"
        |-- ExprStmt
        |   `-- BuiltinCallExpr "printf"
        |       |-- StringLiteral ""%d %d\n""
        |       `-- Identifier "x"
        |-- ExprStmt
        |   `-- BuiltinCallExpr "printf"
        |       |-- StringLiteral ""%s\n""
        |       `-- Identifier "x"
        |-- VarDecl "m : INT"
        |   `-- CharLiteral "'ab'"
        |-- VarDecl "y : INT"
        `-- ReturnStmt
            `-- BinaryExpr "+"
                |-- BinaryExpr "+"
                |   |-- CallExpr
                |   |   |-- Identifier "helper"
                |   |   `-- Identifier "x"
                |   `-- CallExpr
                |       |-- Identifier "compute"
                |       `-- Identifier "m"
                `-- Identifier "y"


=== Symbol Table ===
Name                 Kind           Line   Scope                        Type             Qualifiers               Uses      Signature              Mangled Name
----                 ----           ----   -----                        ----             ----------               ----      ---------              ------------
helper               procedure      2      global                       PROCEDURE                                 1         INT (INT)              _Z6helperi
compute              procedure      4      global                       PROCEDURE                                 1         INT (INT)              _Z7computei
v                    parameter      4      global > compute()           INT                                       2                                
main                 procedure      8      global                       PROCEDURE                                 0         INT ()                 main
a                    variable       9      global > main()              INT_ARRAY        []                       2                                
x                    variable       10     global > main()              INT                                       5                                
m                    variable       16     global > main()              INT                                       1                                
y                    variable       17     global > main()              INT              static                   1                                
