=========================================
       SEMANTIC ANALYSIS REPORT
=========================================

Source File : /home/amirishetty/Desktop/semantics/phase2b-semantic/test/invalid/e01_declarations.c

Semantic analysis failed: 16 error(s), 0 warning(s) in '/home/amirishetty/Desktop/semantics/phase2b-semantic/test/invalid/e01_declarations.c'.

/home/amirishetty/Desktop/semantics/phase2b-semantic/test/invalid/e01_declarations.c:3:5: semantic error: duplicate declaration of 'g' in the same scope (previous declaration at line 2) [redeclaration]
 3 | int g;                            // error: duplicate declaration of 'g' in the same scope
   |     ^

/home/amirishetty/Desktop/semantics/phase2b-semantic/test/invalid/e01_declarations.c:5:5: semantic error: redefinition of 'f' as a different kind of symbol (previously declared as a function at line 4) [redeclaration]
 5 | int f;                            // error: redefinition of 'f' as a different kind of symbol
   |     ^

/home/amirishetty/Desktop/semantics/phase2b-semantic/test/invalid/e01_declarations.c:7:6: semantic error: variable 'nothing' has incomplete type 'void' [incomplete-type]
 7 | void nothing;                     // error: variable 'nothing' has incomplete type 'void'
   |      ^

/home/amirishetty/Desktop/semantics/phase2b-semantic/test/invalid/e01_declarations.c:8:16: semantic error: variable 'm' has incomplete type 'struct Missing' [incomplete-type]
 8 | struct Missing m;                 // error: has incomplete type 'struct Missing'
   |                ^

/home/amirishetty/Desktop/semantics/phase2b-semantic/test/invalid/e01_declarations.c:9:5: semantic error: definition of variable 'unsized' with array type needs an explicit size or an initializer [array-size]
 9 | int unsized[];                    // error: needs an explicit size or an initializer
   |     ^

/home/amirishetty/Desktop/semantics/phase2b-semantic/test/invalid/e01_declarations.c:11:21: semantic error: initializer element is not a compile-time constant (variable 'twice' has static storage) [non-constant-initializer]
 11 | int twice = counter * 2;          // error: initializer element is not a compile-time constant
    |                     ^

/home/amirishetty/Desktop/semantics/phase2b-semantic/test/invalid/e01_declarations.c:15:9: semantic error: duplicate declaration of 'x' in the same scope (previous declaration at line 14) [redeclaration]
 15 |     int x;                        // error: duplicate declaration of 'x'
    |         ^

/home/amirishetty/Desktop/semantics/phase2b-semantic/test/invalid/e01_declarations.c:16:10: semantic error: duplicate declaration of 'x' in the same scope (previous declaration at line 14) [redeclaration]
 16 |     char x;                       // error: duplicate declaration of 'x'
    |          ^

/home/amirishetty/Desktop/semantics/phase2b-semantic/test/invalid/e01_declarations.c:17:5: semantic error: undeclared identifier 'y' [undeclared]
 17 |     y = 10;                       // error: undeclared identifier 'y'
    |     ^

/home/amirishetty/Desktop/semantics/phase2b-semantic/test/invalid/e01_declarations.c:18:13: semantic error: undeclared identifier 'w' [undeclared]
 18 |     int z = w + 1;                // error: undeclared identifier 'w'
    |             ^

/home/amirishetty/Desktop/semantics/phase2b-semantic/test/invalid/e01_declarations.c:19:10: semantic error: declaration of 'a' with deduced type 'auto' requires an initializer [auto]
 19 |     auto a;                       // error: deduced type 'auto' requires an initializer
    |          ^

/home/amirishetty/Desktop/semantics/phase2b-semantic/test/invalid/e01_declarations.c:20:14: semantic error: invalid combination of type specifiers 'int char' [invalid-specifiers]
 20 |     int char bad;                 // error: invalid combination of type specifiers 'int char'
    |              ^

/home/amirishetty/Desktop/semantics/phase2b-semantic/test/invalid/e01_declarations.c:21:21: semantic error: invalid combination of type specifiers 'unsigned signed' [invalid-specifiers]
 21 |     unsigned signed both;         // error: invalid combination of type specifiers
    |                     ^

/home/amirishetty/Desktop/semantics/phase2b-semantic/test/invalid/e01_declarations.c:22:10: semantic error: declaration of reference variable 'dangling' requires an initializer [reference]
 22 |     int &dangling;                // error: reference variable 'dangling' requires an initializer
    |          ^

/home/amirishetty/Desktop/semantics/phase2b-semantic/test/invalid/e01_declarations.c:23:20: semantic error: initializer element is not a compile-time constant (variable 's' has static storage) [non-constant-initializer]
 23 |     static int s = x;             // error: initializer element is not a compile-time constant
    |                    ^

/home/amirishetty/Desktop/semantics/phase2b-semantic/test/invalid/e01_declarations.c:24:12: semantic error: undeclared identifier 'late' (it is declared later, at line 27; variables must be declared before use) [undeclared]
 24 |     return late;                  // error: it is declared later, at line
    |            ^

