=========================================
       SEMANTIC ANALYSIS REPORT
=========================================

Source File : test/invalid/e06_pointers.c

Semantic analysis failed: 15 error(s), 0 warning(s) in 'test/invalid/e06_pointers.c'.

test/invalid/e06_pointers.c:10:9: semantic error: indirection requires a pointer operand ('int' is not a pointer) [dereference]
 10 |     x = *x;                       // error: indirection requires a pointer operand ('int' is not a pointer)
    |         ^

test/invalid/e06_pointers.c:11:9: semantic error: indirection requires a pointer operand ('int' is not a pointer) [dereference]
 11 |     x = ***pp;                    // error: indirection requires a pointer operand
    |         ^

test/invalid/e06_pointers.c:12:9: semantic error: cannot dereference a 'void *' pointer (cast it to a typed pointer first) [dereference]
 12 |     x = *vp;                      // error: cannot dereference a 'void *' pointer
    |         ^

test/invalid/e06_pointers.c:13:9: semantic error: cannot take the address of an rvalue of type 'int' [address-of]
 13 |     p = &5;                       // error: cannot take the address of an rvalue of type 'int'
    |         ^

test/invalid/e06_pointers.c:14:9: semantic error: cannot take the address of an rvalue of type 'int' [address-of]
 14 |     p = &(x + 1);                 // error: cannot take the address of an rvalue
    |         ^

test/invalid/e06_pointers.c:15:9: semantic error: type mismatch: cannot assign 'char *' to 'int *' (incompatible pointer types) [type-mismatch]
 15 |     p = cp;                       // error: incompatible pointer types
    |         ^

test/invalid/e06_pointers.c:16:10: semantic error: type mismatch: cannot assign 'int *' to 'int **' (incompatible pointer types) [type-mismatch]
 16 |     pp = p;                       // error: cannot assign 'int *' to 'int **'
    |          ^

test/invalid/e06_pointers.c:17:9: semantic error: type mismatch: cannot assign 'int ***' to 'int *' (incompatible pointer types) [type-mismatch]
 17 |     p = &pp;                      // error: cannot assign 'int ***' to 'int *'
    |         ^

test/invalid/e06_pointers.c:18:13: semantic error: arithmetic on a pointer to void ('void *') [invalid-operands]
 18 |     vp = vp + 1;                  // error: arithmetic on a pointer to void
    |             ^

test/invalid/e06_pointers.c:19:11: semantic error: comparison of distinct pointer types ('int *' and 'char *') [invalid-operands]
 19 |     x = p < cp;                   // error: comparison of distinct pointer types
    |           ^

test/invalid/e06_pointers.c:20:9: semantic error: type mismatch: cannot assign 'double' to 'int *' (no conversion to a pointer type) [type-mismatch]
 20 |     p = d;                        // error: cannot assign 'double' to 'int *'
    |         ^

test/invalid/e06_pointers.c:21:12: semantic error: invalid operands to binary '-' ('char *' and 'int *'): pointers to different types cannot be subtracted [invalid-operands]
 21 |     x = cp - p;                   // error: pointers to different types cannot be subtracted
    |            ^

test/invalid/e06_pointers.c:22:5: semantic error: cannot delete an expression of type 'int' (a pointer is required) [delete]
 22 |     delete x;                     // error: cannot delete an expression of type 'int'
    |     ^

test/invalid/e06_pointers.c:24:10: semantic error: type mismatch: cannot assign 'int *' to 'int (*)(int)' (incompatible pointer types) [type-mismatch]
 24 |     fp = &x;                      // error: incompatible pointer types
    |          ^

test/invalid/e06_pointers.c:25:25: semantic error: type mismatch: cannot initialize variable 'g' of type 'int (*)(char *)' with a value of type 'int (*)(int)' (incompatible pointer types) [type-mismatch]
 25 |     int (*g)(char *s) = f;         // error: incompatible pointer types
    |                         ^

