=========================================
       SEMANTIC ANALYSIS REPORT
=========================================

Source File : /home/amirishetty/Desktop/semantics/phase2b-semantic/test/invalid/e15_cxx_features.c

Semantic analysis failed: 25 error(s), 1 warning(s) in '/home/amirishetty/Desktop/semantics/phase2b-semantic/test/invalid/e15_cxx_features.c'.

/home/amirishetty/Desktop/semantics/phase2b-semantic/test/invalid/e15_cxx_features.c:4:14: semantic error: typedef redefinition with different types ('char' vs 'int') [redeclaration]
 4 | typedef char T;                   // error: typedef redefinition with different types ('char' vs 'int')
   |              ^

/home/amirishetty/Desktop/semantics/phase2b-semantic/test/invalid/e15_cxx_features.c:6:8: semantic error: redefinition of 'struct S' (previous definition at line 5) [redefinition]
 6 | struct S { int b; };              // error: redefinition of 'struct S'
   |        ^

/home/amirishetty/Desktop/semantics/phase2b-semantic/test/invalid/e15_cxx_features.c:11:9: semantic error: overloaded 'operator+' must be a unary or binary operator (it has 3 operands) [operator-overload]
 11 |     Vec operator+(Vec o, Vec p);  // error: must be a unary or binary operator (it has 3 operands)
    |         ^

/home/amirishetty/Desktop/semantics/phase2b-semantic/test/invalid/e15_cxx_features.c:12:9: semantic error: overloaded 'operator!' must be a unary operator (it has 2 operands) [operator-overload]
 12 |     int operator!(int k);         // error: overloaded 'operator!' must be a unary operator
    |         ^

/home/amirishetty/Desktop/semantics/phase2b-semantic/test/invalid/e15_cxx_features.c:16:5: semantic error: overloaded 'operator+' must have at least one parameter of class type [operator-overload]
 16 | int operator+(int a, int b);      // error: must have at least one parameter of class type
    |     ^

/home/amirishetty/Desktop/semantics/phase2b-semantic/test/invalid/e15_cxx_features.c:17:5: semantic error: overloaded 'operator=' must be a non-static member function [operator-overload]
 17 | Vec operator=(Vec a, Vec b);      // error: overloaded 'operator=' must be a non-static member function
    |     ^

/home/amirishetty/Desktop/semantics/phase2b-semantic/test/invalid/e15_cxx_features.c:18:6: semantic error: out-of-line definition of constructor 'Vec::Vec(double)' does not match any constructor declared in 'class Vec' [no-matching-declaration]
 18 | Vec::Vec(double d) { x = 0; }     // error: out-of-line definition of constructor 'Vec::Vec(double)' does not match
    |      ^

/home/amirishetty/Desktop/semantics/phase2b-semantic/test/invalid/e15_cxx_features.c:19:7: semantic error: out-of-line definition of 'Vec::~Vec', but 'class Vec' declares no destructor [no-matching-declaration]
 19 | Vec::~Vec() { }                   // error: but 'class Vec' declares no destructor
    |       ^

/home/amirishetty/Desktop/semantics/phase2b-semantic/test/invalid/e15_cxx_features.c:20:32: semantic error: 'va_start' used in function 'fixed', which has fixed arguments [varargs]
 20 | int fixed(int n) { va_list ap; va_start(ap, n); return 0; }   // error: 'va_start' used in function 'fixed', which has fixed arguments
    |                                ^

/home/amirishetty/Desktop/semantics/phase2b-semantic/test/invalid/e15_cxx_features.c:24:14: semantic error: argument 1 of 'va_start' must be a 'va_list' variable, not 'int' [varargs]
 24 |     va_start(k, n);               // error: argument 1 of 'va_start' must be a 'va_list' variable
    |              ^

/home/amirishetty/Desktop/semantics/phase2b-semantic/test/invalid/e15_cxx_features.c:25:29: semantic warning: 'char' is promoted to 'int' when passed through '...', so 'va_arg' must ask for 'int' [varargs]
 25 |     char c = va_arg(ap, char);    // warning: 'char' is promoted to 'int' when passed through '...'
    |                             ^

/home/amirishetty/Desktop/semantics/phase2b-semantic/test/invalid/e15_cxx_features.c:26:24: semantic error: second argument of 'va_arg' must be a type [varargs]
 26 |     int z = va_arg(ap, 3);        // error: second argument of 'va_arg' must be a type
    |                        ^

/home/amirishetty/Desktop/semantics/phase2b-semantic/test/invalid/e15_cxx_features.c:31:9: semantic error: 'class Vec' has no default constructor (declared: Vec(int), Vec(char *)); pass constructor arguments, e.g. 'Vec x(...)' [constructor]
 31 |     Vec a;                        // error: 'class Vec' has no default constructor
    |         ^

/home/amirishetty/Desktop/semantics/phase2b-semantic/test/invalid/e15_cxx_features.c:32:10: semantic error: no matching function for call to 'Vec::Vec(int, int)'; candidates are: Vec(int), Vec(char *) [no-matching-overload]
 32 |     Vec b(1, 2);                  // error: no matching function for call to 'Vec::Vec(int, int)'
    |          ^

/home/amirishetty/Desktop/semantics/phase2b-semantic/test/invalid/e15_cxx_features.c:33:10: semantic error: 'Vec::Vec(char *)' is a private member of 'class Vec' and is not accessible outside the class [access]
 33 |     Vec c("str");                 // error: 'Vec::Vec(char *)' is a private member of 'class Vec'
    |          ^

/home/amirishetty/Desktop/semantics/phase2b-semantic/test/invalid/e15_cxx_features.c:34:15: semantic error: invalid operands to binary '*' ('class Vec' and 'int'): no 'operator*' is declared for these operands [invalid-operands]
 34 |     Vec d = c * 2;                // error: no 'operator*' is declared for these operands
    |               ^

/home/amirishetty/Desktop/semantics/phase2b-semantic/test/invalid/e15_cxx_features.c:35:7: semantic error: invalid operands to compound assignment '+=' ('class Vec' and 'class Vec'): no 'operator+=' is declared [invalid-operands]
 35 |     c += d;                       // error: no 'operator+=' is declared
    |       ^

/home/amirishetty/Desktop/semantics/phase2b-semantic/test/invalid/e15_cxx_features.c:38:5: semantic error: cannot assign to variable 'cp' with const-qualified type 'int * const' [const]
 38 |     cp = 0;                       // error: cannot assign to variable 'cp' with const-qualified type 'int * const'
    |     ^

/home/amirishetty/Desktop/semantics/phase2b-semantic/test/invalid/e15_cxx_features.c:39:11: semantic error: 'bad' declared as a pointer to a reference [invalid-declarator]
 39 |     int &*bad;                    // error: 'bad' declared as a pointer to a reference
    |           ^

/home/amirishetty/Desktop/semantics/phase2b-semantic/test/invalid/e15_cxx_features.c:40:20: semantic error: unknown member 'nope': no member named 'nope' in 'struct S' [unknown-member]
 40 |     struct S s = {.nope = 1};     // error: no member named 'nope' in 'struct S'
    |                    ^

/home/amirishetty/Desktop/semantics/phase2b-semantic/test/invalid/e15_cxx_features.c:41:19: semantic error: array index 5 in initializer exceeds the bounds of variable 'arr' (2 elements) [initializer]
 41 |     int arr[2] = {[5] = 1};       // error: array index 5 in initializer exceeds the bounds
    |                   ^

/home/amirishetty/Desktop/semantics/phase2b-semantic/test/invalid/e15_cxx_features.c:42:15: semantic error: designator '.a' cannot be used to initialize the scalar variable 'k' [initializer]
 42 |     int k = {.a = 1};             // error: designator '.a' cannot be used to initialize the scalar
    |               ^

/home/amirishetty/Desktop/semantics/phase2b-semantic/test/invalid/e15_cxx_features.c:43:10: semantic error: a scalar variable 'q' is initialized with exactly one value, not 2 [initializer]
 43 |     int q(1, 2);                  // error: is initialized with exactly one value, not 2
    |          ^

/home/amirishetty/Desktop/semantics/phase2b-semantic/test/invalid/e15_cxx_features.c:44:9: semantic error: zero-size array 'empty' (an empty initializer gives the array no elements) [array-size]
 44 |     int empty[] = {};             // error: zero-size array 'empty'
    |         ^

/home/amirishetty/Desktop/semantics/phase2b-semantic/test/invalid/e15_cxx_features.c:45:25: semantic error: array designator index must be an integer constant expression [initializer]
 45 |     int notConst[3] = {[x] = 1};  // error: array designator index must be an integer constant expression
    |                         ^

/home/amirishetty/Desktop/semantics/phase2b-semantic/test/invalid/e15_cxx_features.c:46:22: semantic error: array designator index -1 is negative [initializer]
 46 |     int below[3] = {[-1] = 1};    // error: array designator index -1 is negative
    |                      ^

