=========================================
       SEMANTIC ANALYSIS REPORT
=========================================

Source File : /home/amirishetty/Desktop/semantics/phase2b-semantic/test/valid/v07_structs.c

Semantic analysis successful: 0 error(s), 0 warning(s) in '/home/amirishetty/Desktop/semantics/phase2b-semantic/test/valid/v07_structs.c'.

=== Annotated AST ===
Program "translation_unit"
|-- StructDecl "Point"  <struct Point>  -> Point (tag)
|   |-- VarDecl "x : INT"  <int>  -> Point::x (field, member)
|   `-- VarDecl "y : INT"  <int>  -> Point::y (field, member)
|-- StructDecl "Student"  <struct Student>  -> Student (tag)
|   |-- VarDecl "age : INT"  <int>  -> Student::age (field, member)
|   |-- VarDecl "grade : CHAR"  <char>  -> Student::grade (field, member)
|   `-- VarDecl "home : STRUCT"  <struct Point>  -> Student::home (field, member)
|-- StructDecl "Node"  <struct Node>  -> Node (tag)
|   |-- VarDecl "value : INT"  <int>  -> Node::value (field, member)
|   `-- VarDecl "next : STRUCT_POINTER"  <struct Node *>  -> Node::next (field, member)
|-- TypedefDecl "PointT = STRUCT"  <struct Point>  -> PointT (typedef)
|-- FunctionDef "length : _Z6lengthP4Node"  <int (struct Node *)>  -> _Z6lengthP4Node (function)
|   |-- ParamDecl "head : STRUCT_POINTER"  <struct Node *>  -> head.1 (parameter, param)
|   `-- CompoundStmt
|       |-- VarDecl "n : INT"  <int>  -> n.2 (variable, local)
|       |   `-- IntLiteral "0"  <int> =0
|       |-- WhileStmt
|       |   |-- Identifier "head"  <struct Node *> lvalue  -> head.1 (parameter, param)
|       |   `-- CompoundStmt
|       |       |-- ExprStmt
|       |       |   `-- PostfixOpExpr "++"  <int>
|       |       |       `-- Identifier "n"  <int> lvalue  -> n.2 (variable, local)
|       |       `-- ExprStmt
|       |           `-- AssignExpr "="  <struct Node *>
|       |               |-- Identifier "head"  <struct Node *> lvalue  -> head.1 (parameter, param)
|       |               `-- ArrowExpr "next"  <struct Node *> lvalue  -> Node::next (field, member)
|       |                   `-- Identifier "head"  <struct Node *> lvalue  -> head.1 (parameter, param)
|       `-- ReturnStmt
|           `-- Identifier "n"  <int> lvalue  -> n.2 (variable, local)
|-- FunctionDef "make : _Z4makeii"  <struct Point (int, int)>  -> _Z4makeii (function)
|   |-- ParamDecl "x : INT"  <int>  -> x.3 (parameter, param)
|   |-- ParamDecl "y : INT"  <int>  -> y.4 (parameter, param)
|   `-- CompoundStmt
|       |-- VarDecl "p : STRUCT"  <struct Point>  -> p.5 (variable, local)
|       |   `-- InitializerList  <struct Point>
|       |       |-- Identifier "x"  <int> lvalue  -> x.3 (parameter, param)
|       |       `-- Identifier "y"  <int> lvalue  -> y.4 (parameter, param)
|       `-- ReturnStmt
|           `-- Identifier "p"  <struct Point> lvalue  -> p.5 (variable, local)
`-- FunctionDef "main : main"  <int (void)>  -> main (function)
    `-- CompoundStmt
        |-- VarDecl "s : STRUCT"  <struct Student>  -> s.6 (variable, local)
        |-- ExprStmt
        |   `-- AssignExpr "="  <int>
        |       |-- MemberExpr "age"  <int> lvalue  -> Student::age (field, member)
        |       |   `-- Identifier "s"  <struct Student> lvalue  -> s.6 (variable, local)
        |       `-- IntLiteral "20"  <int> =20
        |-- ExprStmt
        |   `-- AssignExpr "="  <char>
        |       |-- MemberExpr "grade"  <char> lvalue  -> Student::grade (field, member)
        |       |   `-- Identifier "s"  <struct Student> lvalue  -> s.6 (variable, local)
        |       `-- CharLiteral "'A'"  <char> =65
        |-- ExprStmt
        |   `-- AssignExpr "="  <int>
        |       |-- MemberExpr "x"  <int> lvalue  -> Point::x (field, member)
        |       |   `-- MemberExpr "home"  <struct Point> lvalue  -> Student::home (field, member)
        |       |       `-- Identifier "s"  <struct Student> lvalue  -> s.6 (variable, local)
        |       `-- IntLiteral "1"  <int> =1
        |-- ExprStmt
        |   `-- AssignExpr "="  <int>
        |       |-- MemberExpr "y"  <int> lvalue  -> Point::y (field, member)
        |       |   `-- MemberExpr "home"  <struct Point> lvalue  -> Student::home (field, member)
        |       |       `-- Identifier "s"  <struct Student> lvalue  -> s.6 (variable, local)
        |       `-- BinaryExpr "+"  <int>
        |           |-- MemberExpr "x"  <int> lvalue  -> Point::x (field, member)
        |           |   `-- MemberExpr "home"  <struct Point> lvalue  -> Student::home (field, member)
        |           |       `-- Identifier "s"  <struct Student> lvalue  -> s.6 (variable, local)
        |           `-- IntLiteral "1"  <int> =1
        |-- VarDecl "sp : STRUCT_POINTER"  <struct Student *>  -> sp.7 (variable, local)
        |   `-- UnaryExpr "&"  <struct Student *>
        |       `-- Identifier "s"  <struct Student> lvalue  -> s.6 (variable, local)
        |-- ExprStmt
        |   `-- AssignExpr "="  <int>
        |       |-- ArrowExpr "age"  <int> lvalue  -> Student::age (field, member)
        |       |   `-- Identifier "sp"  <struct Student *> lvalue  -> sp.7 (variable, local)
        |       `-- BinaryExpr "+"  <int>
        |           |-- ArrowExpr "age"  <int> lvalue  -> Student::age (field, member)
        |           |   `-- Identifier "sp"  <struct Student *> lvalue  -> sp.7 (variable, local)
        |           `-- IntLiteral "1"  <int> =1
        |-- ExprStmt
        |   `-- AssignExpr "="  <int>
        |       |-- MemberExpr "y"  <int> lvalue  -> Point::y (field, member)
        |       |   `-- ArrowExpr "home"  <struct Point> lvalue  -> Student::home (field, member)
        |       |       `-- Identifier "sp"  <struct Student *> lvalue  -> sp.7 (variable, local)
        |       `-- IntLiteral "3"  <int> =3
        |-- VarDecl "a : STRUCT"  <struct Point>  -> a.8 (variable, local)
        |   `-- CallExpr  <struct Point>  -> _Z4makeii (function)
        |       |-- Identifier "make"  <struct Point (int, int)>  -> _Z4makeii (function)
        |       |-- IntLiteral "1"  <int> =1
        |       `-- IntLiteral "2"  <int> =2
        |-- VarDecl "b : STRUCT"  <struct Point>  -> b.9 (variable, local)
        |-- ExprStmt
        |   `-- AssignExpr "="  <struct Point>
        |       |-- Identifier "b"  <struct Point> lvalue  -> b.9 (variable, local)
        |       `-- Identifier "a"  <struct Point> lvalue  -> a.8 (variable, local)
        |-- VarDecl "c : STRUCT"  <struct Point>  -> c.10 (variable, local)
        |   `-- InitializerList  <struct Point>
        |       |-- IntLiteral "5"  <int> =5
        |       `-- IntLiteral "6"  <int> =6
        |-- ExprStmt
        |   `-- AssignExpr "="  <int>
        |       |-- MemberExpr "x"  <int> lvalue  -> Point::x (field, member)
        |       |   `-- Identifier "c"  <struct Point> lvalue  -> c.10 (variable, local)
        |       `-- MemberExpr "y"  <int> lvalue  -> Point::y (field, member)
        |           `-- Identifier "b"  <struct Point> lvalue  -> b.9 (variable, local)
        |-- DeclGroup
        |   |-- VarDecl "n1 : STRUCT"  <struct Node>  -> n1.11 (variable, local)
        |   `-- VarDecl "n2 : STRUCT"  <struct Node>  -> n2.12 (variable, local)
        |-- ExprStmt
        |   `-- AssignExpr "="  <struct Node *>
        |       |-- MemberExpr "next"  <struct Node *> lvalue  -> Node::next (field, member)
        |       |   `-- Identifier "n1"  <struct Node> lvalue  -> n1.11 (variable, local)
        |       `-- UnaryExpr "&"  <struct Node *>
        |           `-- Identifier "n2"  <struct Node> lvalue  -> n2.12 (variable, local)
        |-- ExprStmt
        |   `-- AssignExpr "="  <struct Node *>
        |       |-- MemberExpr "next"  <struct Node *> lvalue  -> Node::next (field, member)
        |       |   `-- Identifier "n2"  <struct Node> lvalue  -> n2.12 (variable, local)
        |       `-- IntLiteral "0"  <int> =0
        |-- VarDecl "pts : STRUCT_ARRAY"  <struct Point[3]>  -> pts.13 (variable, local)
        |-- ExprStmt
        |   `-- AssignExpr "="  <int>
        |       |-- MemberExpr "x"  <int> lvalue  -> Point::x (field, member)
        |       |   `-- IndexExpr  <struct Point> lvalue
        |       |       |-- Identifier "pts"  <struct Point[3]> lvalue  -> pts.13 (variable, local)
        |       |       `-- IntLiteral "0"  <int> =0
        |       `-- IntLiteral "1"  <int> =1
        |-- ExprStmt
        |   `-- AssignExpr "="  <int>
        |       |-- ArrowExpr "y"  <int> lvalue  -> Point::y (field, member)
        |       |   `-- UnaryExpr "&"  <struct Point *>
        |       |       `-- IndexExpr  <struct Point> lvalue
        |       |           |-- Identifier "pts"  <struct Point[3]> lvalue  -> pts.13 (variable, local)
        |       |           `-- IntLiteral "1"  <int> =1
        |       `-- IntLiteral "2"  <int> =2
        `-- ReturnStmt
            `-- BinaryExpr "+"  <int>
                |-- BinaryExpr "+"  <int>
                |   |-- BinaryExpr "+"  <int>
                |   |   |-- BinaryExpr "+"  <int>
                |   |   |   |-- MemberExpr "age"  <int> lvalue  -> Student::age (field, member)
                |   |   |   |   `-- Identifier "s"  <struct Student> lvalue  -> s.6 (variable, local)
                |   |   |   `-- CallExpr  <int>  -> _Z6lengthP4Node (function)
                |   |   |       |-- Identifier "length"  <int (struct Node *)>  -> _Z6lengthP4Node (function)
                |   |   |       `-- UnaryExpr "&"  <struct Node *>
                |   |   |           `-- Identifier "n1"  <struct Node> lvalue  -> n1.11 (variable, local)
                |   |   `-- MemberExpr "x"  <int> lvalue  -> Point::x (field, member)
                |   |       `-- Identifier "c"  <struct Point> lvalue  -> c.10 (variable, local)
                |   `-- MemberExpr "x"  <int> lvalue  -> Point::x (field, member)
                |       `-- IndexExpr  <struct Point> lvalue
                |           |-- Identifier "pts"  <struct Point[3]> lvalue  -> pts.13 (variable, local)
                |           `-- IntLiteral "0"  <int> =0
                `-- MemberExpr "y"  <int>  -> Point::y (field, member)
                    `-- CallExpr  <struct Point>  -> _Z4makeii (function)
                        |-- Identifier "make"  <struct Point (int, int)>  -> _Z4makeii (function)
                        |-- IntLiteral "3"  <int> =3
                        `-- IntLiteral "4"  <int> =4

=== Semantic Symbol Table ===
Name               Kind           Type                       Storage  Scope                          Line  Size  Uses  Unique Name          Mangled Name             Notes
----               ----           ----                       -------  -----                          ----  ----  ----  -----------          ------------             -----
Point              struct_tag     struct Point               -        global                         3     -     0     Point                -                        size 8
Point::x           field          int                        member   global > struct Point          4     4     6     Point::x             -                        public, offset 0
Point::y           field          int                        member   global > struct Point          5     4     5     Point::y             -                        public, offset 4
Student            struct_tag     struct Student             -        global                         8     -     0     Student              -                        size 16
Student::age       field          int                        member   global > struct Student        9     4     4     Student::age         -                        public, offset 0
Student::grade     field          char                       member   global > struct Student        10    1     1     Student::grade       -                        public, offset 4
Student::home      field          struct Point               member   global > struct Student        11    8     4     Student::home        -                        public, offset 8
Node               struct_tag     struct Node                -        global                         14    -     0     Node                 -                        size 8
Node::value        field          int                        member   global > struct Node           15    4     0     Node::value          -                        public, offset 0
Node::next         field          struct Node *              member   global > struct Node           16    4     3     Node::next           -                        public, offset 4
PointT             typedef        struct Point               -        global                         19    -     0     PointT               -                        
length             function       int (struct Node *)        -        global                         21    -     1     _Z6lengthP4Node      _Z6lengthP4Node          defined
head               parameter      struct Node *              param    global > length()              21    4     3     head.1               -                        
n                  variable       int                        local    global > length()              22    4     2     n.2                  -                        
make               function       struct Point (int, int)    -        global                         30    -     2     _Z4makeii            _Z4makeii                defined
x                  parameter      int                        param    global > make()                30    4     1     x.3                  -                        
y                  parameter      int                        param    global > make()                30    4     1     y.4                  -                        
p                  variable       struct Point               local    global > make()                31    8     1     p.5                  -                        
main               function       int (void)                 -        global                         35    -     0     main                 main                     defined
s                  variable       struct Student             local    global > main()                36    16    7     s.6                  -                        
sp                 variable       struct Student *           local    global > main()                41    4     3     sp.7                 -                        
a                  variable       struct Point               local    global > main()                44    8     1     a.8                  -                        
b                  variable       struct Point               local    global > main()                45    8     2     b.9                  -                        
c                  variable       struct Point               local    global > main()                47    8     2     c.10                 -                        
n1                 variable       struct Node                local    global > main()                49    8     2     n1.11                -                        
n2                 variable       struct Node                local    global > main()                49    8     2     n2.12                -                        
pts                variable       struct Point[3]            local    global > main()                52    24    3     pts.13               -                        

=== Record Layouts (MIPS32) ===
struct Point: size 8, align 4
    +0  int x  [public]
    +4  int y  [public]
struct Student: size 16, align 4
    +0  int age  [public]
    +4  char grade  [public]
    +8  struct Point home  [public]
struct Node: size 8, align 4
    +0  int value  [public]
    +4  struct Node * next  [public]
