=========================================
       SEMANTIC ANALYSIS REPORT
=========================================

Source File : /home/amirishetty/Desktop/semantics/phase2b-semantic/test/valid/v08_control_flow.c

Semantic analysis successful: 0 error(s), 0 warning(s) in '/home/amirishetty/Desktop/semantics/phase2b-semantic/test/valid/v08_control_flow.c'.

=== Annotated AST ===
Program "translation_unit"
|-- DeclGroup
|   |-- VarDecl "RED : INT"  <const int>  -> RED (variable, global)
|   |   `-- IntLiteral "0"  <int> =0
|   |-- VarDecl "GREEN : INT"  <const int>  -> GREEN (variable, global)
|   |   `-- IntLiteral "5"  <int> =5
|   `-- VarDecl "BLUE : INT"  <const int>  -> BLUE (variable, global)
|       `-- IntLiteral "6"  <int> =6
|-- FunctionDef "classify : _Z8classifyi"  <int (int)>  -> _Z8classifyi (function)
|   |-- ParamDecl "c : INT"  <int>  -> c.1 (parameter, param)
|   `-- CompoundStmt
|       |-- SwitchStmt
|       |   |-- Identifier "c"  <int> lvalue  -> c.1 (parameter, param)
|       |   `-- CompoundStmt
|       |       |-- CaseStmt
|       |       |   |-- Identifier "RED"  <const int> lvalue =0  -> RED (variable, global)
|       |       |   `-- ReturnStmt
|       |       |       `-- IntLiteral "0"  <int> =0
|       |       |-- CaseStmt
|       |       |   |-- Identifier "GREEN"  <const int> lvalue =5  -> GREEN (variable, global)
|       |       |   `-- ReturnStmt
|       |       |       `-- IntLiteral "1"  <int> =1
|       |       `-- CaseStmt
|       |           |-- Identifier "BLUE"  <const int> lvalue =6  -> BLUE (variable, global)
|       |           `-- DefaultStmt
|       |               `-- BreakStmt
|       `-- ReturnStmt
|           `-- UnaryExpr "-"  <int> =-1
|               `-- IntLiteral "1"  <int> =1
`-- FunctionDef "main : main"  <int (void)>  -> main (function)
    `-- CompoundStmt
        |-- DeclGroup
        |   |-- VarDecl "i : INT"  <int>  -> i.2 (variable, local)
        |   `-- VarDecl "total : INT"  <int>  -> total.3 (variable, local)
        |       `-- IntLiteral "0"  <int> =0
        |-- ForStmt
        |   |-- ExprStmt
        |   |   `-- AssignExpr "="  <int>
        |   |       |-- Identifier "i"  <int> lvalue  -> i.2 (variable, local)
        |   |       `-- IntLiteral "0"  <int> =0
        |   |-- ExprStmt
        |   |   `-- BinaryExpr "<"  <int>
        |   |       |-- Identifier "i"  <int> lvalue  -> i.2 (variable, local)
        |   |       `-- IntLiteral "10"  <int> =10
        |   |-- PostfixOpExpr "++"  <int>
        |   |   `-- Identifier "i"  <int> lvalue  -> i.2 (variable, local)
        |   `-- CompoundStmt
        |       |-- IfStmt
        |       |   |-- BinaryExpr "=="  <int>
        |       |   |   |-- Identifier "i"  <int> lvalue  -> i.2 (variable, local)
        |       |   |   `-- IntLiteral "2"  <int> =2
        |       |   `-- ContinueStmt
        |       |-- IfStmt
        |       |   |-- BinaryExpr "=="  <int>
        |       |   |   |-- Identifier "i"  <int> lvalue  -> i.2 (variable, local)
        |       |   |   `-- IntLiteral "8"  <int> =8
        |       |   `-- BreakStmt
        |       `-- ExprStmt
        |           `-- AssignExpr "+="  <int>
        |               |-- Identifier "total"  <int> lvalue  -> total.3 (variable, local)
        |               `-- Identifier "i"  <int> lvalue  -> i.2 (variable, local)
        |-- WhileStmt
        |   |-- BinaryExpr ">"  <int>
        |   |   |-- Identifier "total"  <int> lvalue  -> total.3 (variable, local)
        |   |   `-- IntLiteral "100"  <int> =100
        |   `-- ExprStmt
        |       `-- PostfixOpExpr "--"  <int>
        |           `-- Identifier "total"  <int> lvalue  -> total.3 (variable, local)
        |-- DoWhileStmt
        |   |-- CompoundStmt
        |   |   `-- ExprStmt
        |   |       `-- PostfixOpExpr "++"  <int>
        |   |           `-- Identifier "total"  <int> lvalue  -> total.3 (variable, local)
        |   `-- BinaryExpr "<"  <int>
        |       |-- Identifier "total"  <int> lvalue  -> total.3 (variable, local)
        |       `-- IntLiteral "5"  <int> =5
        |-- UntilStmt
        |   |-- BinaryExpr ">="  <int>
        |   |   |-- Identifier "total"  <int> lvalue  -> total.3 (variable, local)
        |   |   `-- IntLiteral "50"  <int> =50
        |   `-- CompoundStmt
        |       `-- ExprStmt
        |           `-- AssignExpr "+="  <int>
        |               |-- Identifier "total"  <int> lvalue  -> total.3 (variable, local)
        |               `-- IntLiteral "7"  <int> =7
        |-- SwitchStmt
        |   |-- Identifier "total"  <int> lvalue  -> total.3 (variable, local)
        |   `-- CompoundStmt
        |       |-- CaseStmt
        |       |   |-- IntLiteral "1"  <int> =1
        |       |   `-- CaseStmt
        |       |       |-- IntLiteral "2"  <int> =2
        |       |       `-- ExprStmt
        |       |           `-- AssignExpr "="  <int>
        |       |               |-- Identifier "total"  <int> lvalue  -> total.3 (variable, local)
        |       |               `-- IntLiteral "0"  <int> =0
        |       |-- BreakStmt
        |       |-- CaseStmt
        |       |   |-- CharLiteral "'A'"  <char> =65
        |       |   `-- ExprStmt
        |       |       `-- AssignExpr "="  <int>
        |       |           |-- Identifier "total"  <int> lvalue  -> total.3 (variable, local)
        |       |           `-- IntLiteral "65"  <int> =65
        |       |-- BreakStmt
        |       |-- CaseStmt
        |       |   |-- BinaryExpr "+"  <int> =7
        |       |   |   |-- IntLiteral "3"  <int> =3
        |       |   |   `-- IntLiteral "4"  <int> =4
        |       |   `-- ExprStmt
        |       |       `-- AssignExpr "="  <int>
        |       |           |-- Identifier "total"  <int> lvalue  -> total.3 (variable, local)
        |       |           `-- IntLiteral "7"  <int> =7
        |       |-- BreakStmt
        |       `-- DefaultStmt
        |           `-- ExprStmt
        |               `-- AssignExpr "="  <int>
        |                   |-- Identifier "total"  <int> lvalue  -> total.3 (variable, local)
        |                   `-- UnaryExpr "-"  <int>
        |                       `-- Identifier "total"  <int> lvalue  -> total.3 (variable, local)
        |-- ForStmt
        |   |-- EmptyStmt
        |   |-- EmptyStmt
        |   `-- CompoundStmt
        |       |-- SwitchStmt
        |       |   |-- Identifier "i"  <int> lvalue  -> i.2 (variable, local)
        |       |   `-- CompoundStmt
        |       |       |-- CaseStmt
        |       |       |   |-- IntLiteral "0"  <int> =0
        |       |       |   `-- ContinueStmt
        |       |       `-- DefaultStmt
        |       |           `-- BreakStmt
        |       `-- BreakStmt
        |-- GotoStmt "end"  -> main.end (label)
        |-- LabeledStmt "again"  -> main.again (label)
        |   `-- ExprStmt
        |       `-- PostfixOpExpr "++"  <int>
        |           `-- Identifier "total"  <int> lvalue  -> total.3 (variable, local)
        |-- IfStmt
        |   |-- BinaryExpr "<"  <int>
        |   |   |-- Identifier "total"  <int> lvalue  -> total.3 (variable, local)
        |   |   `-- IntLiteral "3"  <int> =3
        |   `-- GotoStmt "again"  -> main.again (label)
        |-- LabeledStmt "end"  -> main.end (label)
        |   `-- IfStmt
        |       |-- Identifier "total"  <int> lvalue  -> total.3 (variable, local)
        |       |-- ExprStmt
        |       |   `-- AssignExpr "="  <int>
        |       |       |-- Identifier "total"  <int> lvalue  -> total.3 (variable, local)
        |       |       `-- CallExpr  <int>  -> _Z8classifyi (function)
        |       |           |-- Identifier "classify"  <int (int)>  -> _Z8classifyi (function)
        |       |           `-- Identifier "BLUE"  <const int> lvalue =6  -> BLUE (variable, global)
        |       `-- ExprStmt
        |           `-- AssignExpr "="  <int>
        |               |-- Identifier "total"  <int> lvalue  -> total.3 (variable, local)
        |               `-- CallExpr  <int>  -> _Z8classifyi (function)
        |                   |-- Identifier "classify"  <int (int)>  -> _Z8classifyi (function)
        |                   `-- Identifier "RED"  <const int> lvalue =0  -> RED (variable, global)
        `-- ReturnStmt
            `-- Identifier "total"  <int> lvalue  -> total.3 (variable, local)

=== Semantic Symbol Table ===
Name               Kind           Type                       Storage  Scope                          Line  Size  Uses  Unique Name          Mangled Name             Notes
----               ----           ----                       -------  -----                          ----  ----  ----  -----------          ------------             -----
RED                variable       const int                  global   global                         3     4     2     RED                  -                        value 0
GREEN              variable       const int                  global   global                         3     4     1     GREEN                -                        value 5
BLUE               variable       const int                  global   global                         3     4     2     BLUE                 -                        value 6
classify           function       int (int)                  -        global                         5     -     2     _Z8classifyi         _Z8classifyi             defined
c                  parameter      int                        param    global > classify()            5     4     1     c.1                  -                        
main               function       int (void)                 -        global                         15    -     0     main                 main                     defined
again              label          -                          -        global > main()                39    -     1     main.again           -                        
end                label          -                          -        global > main()                42    -     1     main.end             -                        
i                  variable       int                        local    global > main()                16    4     7     i.2                  -                        
total              variable       int                        local    global > main()                16    4     19    total.3              -                        

=== Record Layouts (MIPS32) ===
(no records)
