=========================================
       SEMANTIC ANALYSIS REPORT
=========================================

Source File : test/valid/v10_classes.c

Semantic analysis successful: 0 error(s), 0 warning(s) in 'test/valid/v10_classes.c'.

=== Annotated AST ===
Program "translation_unit"
|-- ClassDecl "Shape"  <class Shape>  -> Shape (tag)
|   |-- VarDecl "sides : INT"  <int>  -> Shape::sides (field, member)
|   |-- FunctionDef "area : _ZN5Shape4areaEv"  <int (void)>  -> _ZN5Shape4areaEv (function)
|   |   `-- CompoundStmt
|   |       `-- ReturnStmt
|   |           `-- BinaryExpr "*"  <int>
|   |               |-- Identifier "sides"  <int> lvalue  -> Shape::sides (field, member)
|   |               `-- CallExpr  <int>  -> _ZN5Shape5scaleEv (function)
|   |                   `-- Identifier "scale"  <int (void)>  -> _ZN5Shape5scaleEv (function)
|   |-- FunctionDecl "perimeter : _ZN5Shape9perimeterEv"  <int (void)>  -> _ZN5Shape9perimeterEv (function)
|   |-- FunctionDecl "count : _ZN5Shape5countEv"  <int (void)>  -> _ZN5Shape5countEv (function)
|   |-- FunctionDef "scale : _ZN5Shape5scaleEv"  <int (void)>  -> _ZN5Shape5scaleEv (function)
|   |   `-- CompoundStmt
|   |       `-- ReturnStmt
|   |           `-- Identifier "factor"  <int> lvalue  -> Shape::factor (field, member)
|   |-- VarDecl "factor : INT"  <int>  -> Shape::factor (field, member)
|   `-- VarDecl "secret : INT"  <int>  -> Shape::secret (field, member)
|-- FunctionDef "perimeter : _ZN5Shape9perimeterEv"  <int (void)>  -> _ZN5Shape9perimeterEv (function)
|   `-- CompoundStmt
|       `-- ReturnStmt
|           `-- BinaryExpr "*"  <int>
|               |-- ArrowExpr "sides"  <int> lvalue  -> Shape::sides (field, member)
|               |   `-- ThisExpr  <class Shape *>
|               `-- Identifier "factor"  <int> lvalue  -> Shape::factor (field, member)
|-- FunctionDef "count : _ZN5Shape5countEv"  <int (void)>  -> _ZN5Shape5countEv (function)
|   `-- CompoundStmt
|       `-- ReturnStmt
|           `-- IntLiteral "4"  <int> =4
|-- ClassDecl "Square : Shape"  <class Square>  -> Square (tag)
|   |-- ConstructorDef "Square : _ZN6SquareC1Ei"  -> _ZN6SquareC1Ei (function)
|   |   |-- ParamDecl "s : INT"  <int>  -> s.1 (parameter, param)
|   |   `-- CompoundStmt
|   |       |-- ExprStmt
|   |       |   `-- AssignExpr "="  <int>
|   |       |       |-- Identifier "sides"  <int> lvalue  -> Shape::sides (field, member)
|   |       |       `-- IntLiteral "4"  <int> =4
|   |       `-- ExprStmt
|   |           `-- AssignExpr "="  <int>
|   |               |-- Identifier "factor"  <int> lvalue  -> Shape::factor (field, member)
|   |               `-- Identifier "s"  <int> lvalue  -> s.1 (parameter, param)
|   |-- DestructorDef "Square : _ZN6SquareD1Ev"  -> _ZN6SquareD1Ev (function)
|   |   `-- CompoundStmt
|   `-- FunctionDef "side : _ZN6Square4sideEv"  <int (void)>  -> _ZN6Square4sideEv (function)
|       `-- CompoundStmt
|           `-- ReturnStmt
|               `-- BinaryExpr "+"  <int>
|                   |-- Identifier "factor"  <int> lvalue  -> Shape::factor (field, member)
|                   `-- CallExpr  <int>  -> _ZN5Shape5scaleEv (function)
|                       `-- Identifier "scale"  <int (void)>  -> _ZN5Shape5scaleEv (function)
|-- ClassDecl "Counter"  <class Counter>  -> Counter (tag)
|   |-- VarDecl "value : INT"  <int>  -> Counter::value (field, member)
|   |-- FunctionDef "inc : _ZN7Counter3incEv"  <void (void)>  -> _ZN7Counter3incEv (function)
|   |   `-- CompoundStmt
|   |       `-- ExprStmt
|   |           `-- PostfixOpExpr "++"  <int>
|   |               `-- Identifier "value"  <int> lvalue  -> Counter::value (field, member)
|   `-- FunctionDef "get : _ZN7Counter3getEv"  <int (void)>  -> _ZN7Counter3getEv (function)
|       `-- CompoundStmt
|           `-- ReturnStmt
|               `-- Identifier "value"  <int> lvalue  -> Counter::value (field, member)
|-- StructDecl "Plain"  <struct Plain>  -> Plain (tag)
|   `-- VarDecl "a : INT"  <int>  -> Plain::a (field, member)
`-- FunctionDef "main : main"  <int (void)>  -> main (function)
    `-- CompoundStmt
        |-- VarDecl "sq : CLASS"  <class Square>  -> sq.2 (variable, local)
        |   `-- ConstructExpr "CLASS"  <class Square>  -> _ZN6SquareC1Ei (function)
        |       `-- IntLiteral "3"  <int> =3
        |-- ExprStmt
        |   `-- AssignExpr "="  <int>
        |       |-- MemberExpr "sides"  <int> lvalue  -> Shape::sides (field, member)
        |       |   `-- Identifier "sq"  <class Square> lvalue  -> sq.2 (variable, local)
        |       `-- IntLiteral "4"  <int> =4
        |-- VarDecl "base : CLASS_POINTER"  <class Shape *>  -> base.3 (variable, local)
        |   `-- UnaryExpr "&"  <class Square *>
        |       `-- Identifier "sq"  <class Square> lvalue  -> sq.2 (variable, local)
        |-- VarDecl "c : CLASS"  <class Counter>  -> c.4 (variable, local)
        |-- ExprStmt
        |   `-- CallExpr  <void>  -> _ZN7Counter3incEv (function)
        |       `-- MemberExpr "inc"  <void (void)>  -> _ZN7Counter3incEv (function)
        |           `-- Identifier "c"  <class Counter> lvalue  -> c.4 (variable, local)
        |-- VarDecl "pl : STRUCT"  <struct Plain>  -> pl.5 (variable, local)
        |-- ExprStmt
        |   `-- AssignExpr "="  <int>
        |       |-- MemberExpr "a"  <int> lvalue  -> Plain::a (field, member)
        |       |   `-- Identifier "pl"  <struct Plain> lvalue  -> pl.5 (variable, local)
        |       `-- IntLiteral "1"  <int> =1
        |-- VarDecl "made : CLASS_POINTER"  <class Shape *>  -> made.6 (variable, local)
        |   `-- NewExpr "CLASS"  <class Shape *>
        |-- VarDecl "total : INT"  <int>  -> total.7 (variable, local)
        |   `-- BinaryExpr "+"  <int>
        |       |-- BinaryExpr "+"  <int>
        |       |   |-- BinaryExpr "+"  <int>
        |       |   |   |-- BinaryExpr "+"  <int>
        |       |   |   |   |-- BinaryExpr "+"  <int>
        |       |   |   |   |   |-- CallExpr  <int>  -> _ZN5Shape4areaEv (function)
        |       |   |   |   |   |   `-- ArrowExpr "area"  <int (void)>  -> _ZN5Shape4areaEv (function)
        |       |   |   |   |   |       `-- Identifier "base"  <class Shape *> lvalue  -> base.3 (variable, local)
        |       |   |   |   |   `-- CallExpr  <int>  -> _ZN5Shape9perimeterEv (function)
        |       |   |   |   |       `-- ArrowExpr "perimeter"  <int (void)>  -> _ZN5Shape9perimeterEv (function)
        |       |   |   |   |           `-- Identifier "made"  <class Shape *> lvalue  -> made.6 (variable, local)
        |       |   |   |   `-- CallExpr  <int>  -> _ZN6Square4sideEv (function)
        |       |   |   |       `-- MemberExpr "side"  <int (void)>  -> _ZN6Square4sideEv (function)
        |       |   |   |           `-- Identifier "sq"  <class Square> lvalue  -> sq.2 (variable, local)
        |       |   |   `-- CallExpr  <int>  -> _ZN7Counter3getEv (function)
        |       |   |       `-- MemberExpr "get"  <int (void)>  -> _ZN7Counter3getEv (function)
        |       |   |           `-- Identifier "c"  <class Counter> lvalue  -> c.4 (variable, local)
        |       |   `-- MemberExpr "a"  <int> lvalue  -> Plain::a (field, member)
        |       |       `-- Identifier "pl"  <struct Plain> lvalue  -> pl.5 (variable, local)
        |       `-- CallExpr  <int>  -> _ZN5Shape5countEv (function)
        |           `-- ArrowExpr "count"  <int (void)>  -> _ZN5Shape5countEv (function)
        |               `-- Identifier "base"  <class Shape *> lvalue  -> base.3 (variable, local)
        |-- ExprStmt
        |   `-- DeleteExpr  <void>
        |       `-- Identifier "made"  <class Shape *> lvalue  -> made.6 (variable, local)
        `-- ReturnStmt
            `-- Identifier "total"  <int> lvalue  -> total.7 (variable, local)

=== Semantic Symbol Table ===
Name               Kind           Type                       Storage  Scope                          Line  Size  Uses  Unique Name          Mangled Name             Notes
----               ----           ----                       -------  -----                          ----  ----  ----  -----------          ------------             -----
Shape              class_tag      class Shape                -        global                         3     -     0     Shape                -                        size 12
Shape::sides       field          int                        member   global > class Shape           5     4     4     Shape::sides         -                        public, offset 0
Shape::area        method         int (void)                 -        global > class Shape           6     -     1     _ZN5Shape4areaEv     _ZN5Shape4areaEv         public, defined
Shape::perimeter   method         int (void)                 -        global > class Shape           7     -     1     _ZN5Shape9perimeterEv _ZN5Shape9perimeterEv    public, defined
Shape::count       method         int (void)                 -        global > class Shape           8     -     1     _ZN5Shape5countEv    _ZN5Shape5countEv        public, static, defined
Shape::scale       method         int (void)                 -        global > class Shape           10    -     2     _ZN5Shape5scaleEv    _ZN5Shape5scaleEv        protected, defined
Shape::factor      field          int                        member   global > class Shape           11    4     4     Shape::factor        -                        protected, offset 4
Shape::secret      field          int                        member   global > class Shape           13    4     0     Shape::secret        -                        private, offset 8
Square             class_tag      class Square               -        global                         19    -     0     Square               -                        size 12, public base Shape
Square::Square     constructor    void (int)                 -        global > class Square          21    -     1     _ZN6SquareC1Ei       _ZN6SquareC1Ei           public
Square::~Square    destructor     void (void)                -        global > class Square          22    -     0     _ZN6SquareD1Ev       _ZN6SquareD1Ev           public
Square::side       method         int (void)                 -        global > class Square          23    -     1     _ZN6Square4sideEv    _ZN6Square4sideEv        public, defined
s                  parameter      int                        param    global > class Square > Square() 21    4     1     s.1                  -                        
Counter            class_tag      class Counter              -        global                         26    -     0     Counter              -                        size 4
Counter::value     field          int                        member   global > class Counter         27    4     2     Counter::value       -                        private, offset 0
Counter::inc       method         void (void)                -        global > class Counter         29    -     1     _ZN7Counter3incEv    _ZN7Counter3incEv        public, defined
Counter::get       method         int (void)                 -        global > class Counter         30    -     1     _ZN7Counter3getEv    _ZN7Counter3getEv        public, defined
Plain              struct_tag     struct Plain               -        global                         33    -     0     Plain                -                        size 4
Plain::a           field          int                        member   global > struct Plain          33    4     2     Plain::a             -                        public, offset 0
main               function       int (void)                 -        global                         35    -     0     main                 main                     defined
sq                 variable       class Square               local    global > main()                36    12    3     sq.2                 -                        
base               variable       class Shape *              local    global > main()                38    4     2     base.3               -                        
c                  variable       class Counter              local    global > main()                39    4     2     c.4                  -                        
pl                 variable       struct Plain               local    global > main()                41    4     2     pl.5                 -                        
made               variable       class Shape *              local    global > main()                43    4     2     made.6               -                        
total              variable       int                        local    global > main()                44    4     1     total.7              -                        

=== Record Layouts (MIPS32) ===
class Shape: size 12, align 4
    +0  int sides  [public]
    +4  int factor  [protected]
    +8  int secret  [private]
class Square: size 12, align 4
    (base Shape, public)
class Counter: size 4, align 4
    +0  int value  [private]
struct Plain: size 4, align 4
    +0  int a  [public]
