=========================================
       SEMANTIC ANALYSIS REPORT
=========================================

Source File : /home/amirishetty/Desktop/semantics/phase2b-semantic/test/valid/v15_declarators.c

Semantic analysis successful: 0 error(s), 0 warning(s) in '/home/amirishetty/Desktop/semantics/phase2b-semantic/test/valid/v15_declarators.c'.

=== Annotated AST ===
Program "translation_unit"
|-- FunctionDef "add : _Z3addii"  <int (int, int)>  -> _Z3addii (function)
|   |-- ParamDecl "a : INT"  <int>  -> a.1 (parameter, param)
|   |-- ParamDecl "b : INT"  <int>  -> b.2 (parameter, param)
|   `-- CompoundStmt
|       `-- ReturnStmt
|           `-- BinaryExpr "+"  <int>
|               |-- Identifier "a"  <int> lvalue  -> a.1 (parameter, param)
|               `-- Identifier "b"  <int> lvalue  -> b.2 (parameter, param)
|-- FunctionDef "first : _Z5firstPi"  <int *(int *)>  -> _Z5firstPi (function)
|   |-- ParamDecl "p : INT_POINTER"  <int *>  -> p.3 (parameter, param)
|   `-- CompoundStmt
|       `-- ReturnStmt
|           `-- Identifier "p"  <int *> lvalue  -> p.3 (parameter, param)
|-- TypedefDecl "Vec = INT_ARRAY"  <int[3]>  -> Vec (typedef)
|-- TypedefDecl "Row = INT_POINTER_ARRAY"  <int (*)[3]>  -> Row (typedef)
|-- StructDecl "Ops"  <struct Ops>  -> Ops (tag)
|   |-- VarDecl "grid : INT_POINTER_ARRAY"  <int (*)[3]>  -> Ops::grid (field, member)
|   `-- VarDecl "data : INT_ARRAY"  <int[2]>  -> Ops::data (field, member)
`-- FunctionDef "main : main"  <int (void)>  -> main (function)
    `-- CompoundStmt
        |-- VarDecl "a : INT_ARRAY"  <int[3]>  -> a.4 (variable, local)
        |   `-- InitializerList  <int[3]>
        |       |-- IntLiteral "1"  <int> =1
        |       |-- IntLiteral "2"  <int> =2
        |       `-- IntLiteral "3"  <int> =3
        |-- VarDecl "pa : INT_POINTER_ARRAY"  <int (*)[3]>  -> pa.5 (variable, local)
        |   `-- UnaryExpr "&"  <int (*)[3]>
        |       `-- Identifier "a"  <int[3]> lvalue  -> a.4 (variable, local)
        |-- VarDecl "ap : INT_POINTER_ARRAY"  <int *[3]>  -> ap.6 (variable, local)
        |-- ExprStmt
        |   `-- AssignExpr "="  <int *>
        |       |-- IndexExpr  <int *> lvalue
        |       |   |-- Identifier "ap"  <int *[3]> lvalue  -> ap.6 (variable, local)
        |       |   `-- IntLiteral "0"  <int> =0
        |       `-- UnaryExpr "&"  <int *>
        |           `-- IndexExpr  <int> lvalue
        |               |-- Identifier "a"  <int[3]> lvalue  -> a.4 (variable, local)
        |               `-- IntLiteral "0"  <int> =0
        |-- VarDecl "ppa : INT_POINTER_POINTER_ARRAY"  <int (**)[3]>  -> ppa.7 (variable, local)
        |   `-- UnaryExpr "&"  <int (**)[3]>
        |       `-- Identifier "pa"  <int (*)[3]> lvalue  -> pa.5 (variable, local)
        |-- VarDecl "rows : INT_POINTER_ARRAY_ARRAY"  <int (*[2])[3]>  -> rows.8 (variable, local)
        |-- ExprStmt
        |   `-- AssignExpr "="  <int (*)[3]>
        |       |-- IndexExpr  <int (*)[3]> lvalue
        |       |   |-- Identifier "rows"  <int (*[2])[3]> lvalue  -> rows.8 (variable, local)
        |       |   `-- IntLiteral "0"  <int> =0
        |       `-- UnaryExpr "&"  <int (*)[3]>
        |           `-- Identifier "a"  <int[3]> lvalue  -> a.4 (variable, local)
        |-- ExprStmt
        |   `-- AssignExpr "="  <int (*)[3]>
        |       |-- IndexExpr  <int (*)[3]> lvalue
        |       |   |-- Identifier "rows"  <int (*[2])[3]> lvalue  -> rows.8 (variable, local)
        |       |   `-- IntLiteral "1"  <int> =1
        |       `-- UnaryExpr "*"  <int (*)[3]> lvalue
        |           `-- Identifier "ppa"  <int (**)[3]> lvalue  -> ppa.7 (variable, local)
        |-- VarDecl "row : INT_POINTER_ARRAY"  <int (*)[3]>  -> row.9 (variable, local)
        |   `-- IndexExpr  <int (*)[3]> lvalue
        |       |-- Identifier "rows"  <int (*[2])[3]> lvalue  -> rows.8 (variable, local)
        |       `-- IntLiteral "0"  <int> =0
        |-- VarDecl "v : INT_ARRAY"  <int[3]>  -> v.10 (variable, local)
        |   `-- InitializerList  <int[3]>
        |       |-- IntLiteral "4"  <int> =4
        |       |-- IntLiteral "5"  <int> =5
        |       `-- IntLiteral "6"  <int> =6
        |-- VarDecl "ops : STRUCT"  <struct Ops>  -> ops.11 (variable, local)
        |   `-- InitializerList  <struct Ops>
        |       |-- UnaryExpr "&"  <int (*)[3]>
        |       |   `-- Identifier "a"  <int[3]> lvalue  -> a.4 (variable, local)
        |       `-- InitializerList  <int[2]>
        |           |-- IntLiteral "7"  <int> =7
        |           `-- IntLiteral "8"  <int> =8
        |-- VarDecl "many : STRUCT_ARRAY"  <struct Ops[2]>  -> many.12 (variable, local)
        |   `-- InitializerList  <struct Ops[2]>
        |       |-- InitializerList  <struct Ops>
        |       |   |-- UnaryExpr "&"  <int (*)[3]>
        |       |   |   `-- Identifier "a"  <int[3]> lvalue  -> a.4 (variable, local)
        |       |   `-- InitializerList  <int[2]>
        |       |       |-- IntLiteral "1"  <int> =1
        |       |       `-- IntLiteral "2"  <int> =2
        |       `-- InitializerList  <struct Ops>
        |           |-- Identifier "pa"  <int (*)[3]> lvalue  -> pa.5 (variable, local)
        |           `-- InitializerList  <int[2]>
        |               |-- IntLiteral "3"  <int> =3
        |               `-- IntLiteral "4"  <int> =4
        |-- VarDecl "r : INT"  <int>  -> r.13 (variable, local)
        |   `-- BinaryExpr "+"  <int>
        |       |-- BinaryExpr "+"  <int>
        |       |   |-- BinaryExpr "+"  <int>
        |       |   |   |-- BinaryExpr "+"  <int>
        |       |   |   |   |-- BinaryExpr "+"  <int>
        |       |   |   |   |   |-- BinaryExpr "+"  <int>
        |       |   |   |   |   |   |-- IndexExpr  <int> lvalue
        |       |   |   |   |   |   |   |-- UnaryExpr "*"  <int[3]> lvalue
        |       |   |   |   |   |   |   |   `-- Identifier "pa"  <int (*)[3]> lvalue  -> pa.5 (variable, local)
        |       |   |   |   |   |   |   `-- IntLiteral "1"  <int> =1
        |       |   |   |   |   |   `-- UnaryExpr "*"  <int> lvalue
        |       |   |   |   |   |       `-- IndexExpr  <int *> lvalue
        |       |   |   |   |   |           |-- Identifier "ap"  <int *[3]> lvalue  -> ap.6 (variable, local)
        |       |   |   |   |   |           `-- IntLiteral "0"  <int> =0
        |       |   |   |   |   `-- UnaryExpr "*"  <int> lvalue
        |       |   |   |   |       `-- CallExpr  <int *>  -> _Z5firstPi (function)
        |       |   |   |   |           |-- Identifier "first"  <int *(int *)>  -> _Z5firstPi (function)
        |       |   |   |   |           `-- Identifier "a"  <int[3]> lvalue  -> a.4 (variable, local)
        |       |   |   |   `-- IndexExpr  <int> lvalue
        |       |   |   |       |-- UnaryExpr "*"  <int[3]> lvalue
        |       |   |   |       |   `-- UnaryExpr "*"  <int (*)[3]> lvalue
        |       |   |   |       |       `-- Identifier "ppa"  <int (**)[3]> lvalue  -> ppa.7 (variable, local)
        |       |   |   |       `-- IntLiteral "2"  <int> =2
        |       |   |   `-- IndexExpr  <int> lvalue
        |       |   |       |-- UnaryExpr "*"  <int[3]> lvalue
        |       |   |       |   `-- IndexExpr  <int (*)[3]> lvalue
        |       |   |       |       |-- Identifier "rows"  <int (*[2])[3]> lvalue  -> rows.8 (variable, local)
        |       |   |       |       `-- IntLiteral "1"  <int> =1
        |       |   |       `-- IntLiteral "0"  <int> =0
        |       |   `-- IndexExpr  <int> lvalue
        |       |       |-- UnaryExpr "*"  <int[3]> lvalue
        |       |       |   `-- Identifier "row"  <int (*)[3]> lvalue  -> row.9 (variable, local)
        |       |       `-- IntLiteral "1"  <int> =1
        |       `-- CallExpr  <int>  -> _Z3addii (function)
        |           |-- Identifier "add"  <int (int, int)>  -> _Z3addii (function)
        |           |-- IntLiteral "5"  <int> =5
        |           `-- IntLiteral "6"  <int> =6
        |-- ExprStmt
        |   `-- AssignExpr "="  <int>
        |       |-- Identifier "r"  <int> lvalue  -> r.13 (variable, local)
        |       `-- BinaryExpr "+"  <int>
        |           |-- BinaryExpr "+"  <int>
        |           |   |-- BinaryExpr "+"  <int>
        |           |   |   |-- BinaryExpr "+"  <int>
        |           |   |   |   |-- Identifier "r"  <int> lvalue  -> r.13 (variable, local)
        |           |   |   |   `-- IndexExpr  <int> lvalue
        |           |   |   |       |-- Identifier "v"  <int[3]> lvalue  -> v.10 (variable, local)
        |           |   |   |       `-- IntLiteral "2"  <int> =2
        |           |   |   `-- IndexExpr  <int> lvalue
        |           |   |       |-- UnaryExpr "*"  <int[3]> lvalue
        |           |   |       |   `-- MemberExpr "grid"  <int (*)[3]> lvalue  -> Ops::grid (field, member)
        |           |   |       |       `-- Identifier "ops"  <struct Ops> lvalue  -> ops.11 (variable, local)
        |           |   |       `-- IntLiteral "1"  <int> =1
        |           |   `-- IndexExpr  <int> lvalue
        |           |       |-- MemberExpr "data"  <int[2]> lvalue  -> Ops::data (field, member)
        |           |       |   `-- Identifier "ops"  <struct Ops> lvalue  -> ops.11 (variable, local)
        |           |       `-- IntLiteral "1"  <int> =1
        |           `-- IndexExpr  <int> lvalue
        |               |-- MemberExpr "data"  <int[2]> lvalue  -> Ops::data (field, member)
        |               |   `-- IndexExpr  <struct Ops> lvalue
        |               |       |-- Identifier "many"  <struct Ops[2]> lvalue  -> many.12 (variable, local)
        |               |       `-- IntLiteral "1"  <int> =1
        |               `-- IntLiteral "0"  <int> =0
        `-- ReturnStmt
            `-- Identifier "r"  <int> lvalue  -> r.13 (variable, local)

=== Semantic Symbol Table ===
Name               Kind           Type                       Storage  Scope                          Line  Size  Uses  Unique Name          Mangled Name             Notes
----               ----           ----                       -------  -----                          ----  ----  ----  -----------          ------------             -----
add                function       int (int, int)             -        global                         3     -     1     _Z3addii             _Z3addii                 defined
a                  parameter      int                        param    global > add()                 3     4     1     a.1                  -                        
b                  parameter      int                        param    global > add()                 3     4     1     b.2                  -                        
first              function       int *(int *)               -        global                         4     -     1     _Z5firstPi           _Z5firstPi               defined
p                  parameter      int *                      param    global > first()               4     4     1     p.3                  -                        
Vec                typedef        int[3]                     -        global                         5     -     0     Vec                  -                        
Row                typedef        int (*)[3]                 -        global                         6     -     0     Row                  -                        
Ops                struct_tag     struct Ops                 -        global                         7     -     0     Ops                  -                        size 12
Ops::grid          field          int (*)[3]                 member   global > struct Ops            7     4     1     Ops::grid            -                        public, offset 0
Ops::data          field          int[2]                     member   global > struct Ops            7     8     2     Ops::data            -                        public, offset 4
main               function       int (void)                 -        global                         9     -     0     main                 main                     defined
a                  variable       int[3]                     local    global > main()                10    12    6     a.4                  -                        
pa                 variable       int (*)[3]                 local    global > main()                11    4     3     pa.5                 -                        
ap                 variable       int *[3]                   local    global > main()                12    12    2     ap.6                 -                        
ppa                variable       int (**)[3]                local    global > main()                14    4     2     ppa.7                -                        
rows               variable       int (*[2])[3]              local    global > main()                15    8     4     rows.8               -                        
row                variable       int (*)[3]                 local    global > main()                18    4     1     row.9                -                        
v                  variable       int[3]                     local    global > main()                19    12    1     v.10                 -                        
ops                variable       struct Ops                 local    global > main()                20    12    2     ops.11               -                        
many               variable       struct Ops[2]              local    global > main()                21    24    1     many.12              -                        
r                  variable       int                        local    global > main()                22    4     3     r.13                 -                        

=== Record Layouts (MIPS32) ===
struct Ops: size 12, align 4
    +0  int (*)[3] grid  [public]
    +4  int[2] data  [public]
