=========================================
        SYNTAX ANALYSIS REPORT
=========================================

Source File : /home/amirishetty/Desktop/semantics/phase2b-semantic/test/valid/v22_unnamed_aggregates.c

No errors found.

--- Token / Token_Type ---
Token                          Token_Type          
-----                          ----------          
struct                         struct              
Value                          STRUCT              
{                              open_brace_op       
int                            int                 
kind                           INT                 
;                              semicolon_op        
struct                         struct              
{                              open_brace_op       
int                            int                 
i                              INT                 
;                              semicolon_op        
float                          float               
f                              FLOAT               
;                              semicolon_op        
char                           char                
c                              CHAR                
;                              semicolon_op        
}                              close_brace_op      
;                              semicolon_op        
struct                         struct              
{                              open_brace_op       
short                          short               
lo                             SHORT               
,                              comma_op            
hi                             SHORT               
;                              semicolon_op        
}                              close_brace_op      
;                              semicolon_op        
}                              close_brace_op      
;                              semicolon_op        
int                            int                 
value_size_ok                  INT_ARRAY           
[                              open_bracket_op     
sizeof                         sizeof              
(                              open_paren_op       
struct                         struct              
Value                          STRUCT              
)                              close_paren_op      
==                             eq_op               
20                             INT_LITERAL         
?                              question_op         
1                              INT_LITERAL         
:                              colon_op            
-                              minus_op            
1                              INT_LITERAL         
]                              close_bracket_op    
;                              semicolon_op        
struct                         struct              
Packet                         STRUCT              
{                              open_brace_op       
char                           char                
tag                            CHAR                
;                              semicolon_op        
struct                         struct              
{                              open_brace_op       
struct                         struct              
{                              open_brace_op       
int                            int                 
word                           INT                 
;                              semicolon_op        
char                           char                
bytes                          CHAR_ARRAY          
[                              open_bracket_op     
4                              INT_LITERAL         
]                              close_bracket_op    
;                              semicolon_op        
}                              close_brace_op      
;                              semicolon_op        
int                            int                 
crc                            INT                 
;                              semicolon_op        
}                              close_brace_op      
;                              semicolon_op        
}                              close_brace_op      
;                              semicolon_op        
int                            int                 
packet_size_ok                 INT_ARRAY           
[                              open_bracket_op     
sizeof                         sizeof              
(                              open_paren_op       
struct                         struct              
Packet                         STRUCT              
)                              close_paren_op      
==                             eq_op               
16                             INT_LITERAL         
?                              question_op         
1                              INT_LITERAL         
:                              colon_op            
-                              minus_op            
1                              INT_LITERAL         
]                              close_bracket_op    
;                              semicolon_op        
struct                         struct              
Outer                          STRUCT              
{                              open_brace_op       
struct                         struct              
Inner                          STRUCT              
{                              open_brace_op       
int                            int                 
x                              INT                 
;                              semicolon_op        
}                              close_brace_op      
in                             STRUCT              
;                              semicolon_op        
int                            int                 
after                          INT                 
;                              semicolon_op        
}                              close_brace_op      
;                              semicolon_op        
typedef                        typedef             
struct                         struct              
{                              open_brace_op       
int                            int                 
x                              INT                 
,                              comma_op            
y                              INT                 
;                              semicolon_op        
}                              close_brace_op      
Pt                             TYPEDEF             
,                              comma_op            
PtAlias                        TYPEDEF             
;                              semicolon_op        
struct                         struct              
{                              open_brace_op       
int                            int                 
hits                           INT                 
,                              comma_op            
misses                         INT                 
;                              semicolon_op        
}                              close_brace_op      
stats                          STRUCT              
;                              semicolon_op        
class                          class               
Register                       CLASS               
{                              open_brace_op       
public                         public              
:                              colon_op            
struct                         struct              
{                              open_brace_op       
int                            int                 
raw                            INT                 
;                              semicolon_op        
char                           char                
low                            CHAR                
;                              semicolon_op        
}                              close_brace_op      
;                              semicolon_op        
int                            int                 
read                           PROCEDURE           
(                              open_paren_op       
)                              close_paren_op      
{                              open_brace_op       
return                         return              
raw                            IDENTIFIER          
;                              semicolon_op        
}                              close_brace_op      
}                              close_brace_op      
;                              semicolon_op        
int                            int                 
dist2                          PROCEDURE           
(                              open_paren_op       
Pt                             TYPEDEF             
a                              STRUCT              
,                              comma_op            
PtAlias                        TYPEDEF             
*                              star_op             
b                              STRUCT_POINTER      
)                              close_paren_op      
{                              open_brace_op       
int                            int                 
dx                             INT                 
=                              assign_op           
a                              STRUCT              
.                              dot_op              
x                              IDENTIFIER          
-                              minus_op            
b                              STRUCT_POINTER      
->                             arrow_op            
x                              IDENTIFIER          
,                              comma_op            
dy                             INT                 
=                              assign_op           
a                              STRUCT              
.                              dot_op              
y                              IDENTIFIER          
-                              minus_op            
b                              STRUCT_POINTER      
->                             arrow_op            
y                              IDENTIFIER          
;                              semicolon_op        
return                         return              
dx                             INT                 
*                              star_op             
dx                             INT                 
+                              plus_op             
dy                             INT                 
*                              star_op             
dy                             INT                 
;                              semicolon_op        
}                              close_brace_op      
int                            int                 
main                           PROCEDURE           
(                              open_paren_op       
)                              close_paren_op      
{                              open_brace_op       
struct                         struct              
Value                          STRUCT              
v                              STRUCT              
;                              semicolon_op        
v                              STRUCT              
.                              dot_op              
kind                           INT                 
=                              assign_op           
1                              INT_LITERAL         
;                              semicolon_op        
v                              STRUCT              
.                              dot_op              
i                              INT                 
=                              assign_op           
42                             INT_LITERAL         
;                              semicolon_op        
v                              STRUCT              
.                              dot_op              
f                              FLOAT               
=                              assign_op           
1.5f                           FLOAT_LITERAL       
;                              semicolon_op        
v                              STRUCT              
.                              dot_op              
lo                             SHORT               
=                              assign_op           
3                              INT_LITERAL         
;                              semicolon_op        
v                              STRUCT              
.                              dot_op              
hi                             SHORT               
=                              assign_op           
4                              INT_LITERAL         
;                              semicolon_op        
struct                         struct              
Value                          STRUCT              
w                              STRUCT              
=                              assign_op           
{                              open_brace_op       
2                              INT_LITERAL         
,                              comma_op            
{                              open_brace_op       
7                              INT_LITERAL         
}                              close_brace_op      
,                              comma_op            
{                              open_brace_op       
1                              INT_LITERAL         
,                              comma_op            
2                              INT_LITERAL         
}                              close_brace_op      
}                              close_brace_op      
;                              semicolon_op        
struct                         struct              
Value                          STRUCT              
d                              STRUCT              
=                              assign_op           
{                              open_brace_op       
.                              dot_op              
kind                           IDENTIFIER          
=                              assign_op           
3                              INT_LITERAL         
,                              comma_op            
.                              dot_op              
c                              IDENTIFIER          
=                              assign_op           
'x'                            CHAR_LITERAL        
,                              comma_op            
.                              dot_op              
hi                             IDENTIFIER          
=                              assign_op           
9                              INT_LITERAL         
}                              close_brace_op      
;                              semicolon_op        
struct                         struct              
Packet                         STRUCT              
p                              STRUCT              
;                              semicolon_op        
p                              STRUCT              
.                              dot_op              
word                           INT                 
=                              assign_op           
0x01020304                     INT_LITERAL         
;                              semicolon_op        
p                              STRUCT              
.                              dot_op              
bytes                          CHAR_ARRAY          
[                              open_bracket_op     
0                              INT_LITERAL         
]                              close_bracket_op    
=                              assign_op           
1                              INT_LITERAL         
;                              semicolon_op        
p                              STRUCT              
.                              dot_op              
crc                            INT                 
=                              assign_op           
p                              STRUCT              
.                              dot_op              
word                           INT                 
^                              caret_op            
0xff                           INT_LITERAL         
;                              semicolon_op        
struct                         struct              
Outer                          STRUCT              
o                              STRUCT              
;                              semicolon_op        
o                              STRUCT              
.                              dot_op              
in                             STRUCT              
.                              dot_op              
x                              IDENTIFIER          
=                              assign_op           
1                              INT_LITERAL         
;                              semicolon_op        
o                              STRUCT              
.                              dot_op              
after                          INT                 
=                              assign_op           
2                              INT_LITERAL         
;                              semicolon_op        
Pt                             TYPEDEF             
a                              STRUCT              
=                              assign_op           
{                              open_brace_op       
1                              INT_LITERAL         
,                              comma_op            
2                              INT_LITERAL         
}                              close_brace_op      
;                              semicolon_op        
Pt                             TYPEDEF             
b                              STRUCT              
=                              assign_op           
{                              open_brace_op       
.                              dot_op              
x                              IDENTIFIER          
=                              assign_op           
4                              INT_LITERAL         
,                              comma_op            
.                              dot_op              
y                              IDENTIFIER          
=                              assign_op           
6                              INT_LITERAL         
}                              close_brace_op      
;                              semicolon_op        
stats                          STRUCT              
.                              dot_op              
hits                           INT                 
=                              assign_op           
dist2                          PROCEDURE           
(                              open_paren_op       
a                              STRUCT              
,                              comma_op            
&                              ampersand_op        
b                              STRUCT              
)                              close_paren_op      
;                              semicolon_op        
Register                       CLASS               
r                              CLASS               
;                              semicolon_op        
r                              CLASS               
.                              dot_op              
raw                            INT                 
=                              assign_op           
65                             INT_LITERAL         
;                              semicolon_op        
r                              CLASS               
.                              dot_op              
low                            CHAR                
=                              assign_op           
'a'                            CHAR_LITERAL        
;                              semicolon_op        
return                         return              
v                              STRUCT              
.                              dot_op              
i                              INT                 
+                              plus_op             
w                              STRUCT              
.                              dot_op              
i                              INT                 
+                              plus_op             
d                              STRUCT              
.                              dot_op              
c                              CHAR                
+                              plus_op             
p                              STRUCT              
.                              dot_op              
crc                            INT                 
+                              plus_op             
o                              STRUCT              
.                              dot_op              
after                          INT                 
+                              plus_op             
r                              CLASS               
.                              dot_op              
read                           PROCEDURE           
(                              open_paren_op       
)                              close_paren_op      
+                              plus_op             
r                              CLASS               
.                              dot_op              
low                            CHAR                
+                              plus_op             
stats                          STRUCT              
.                              dot_op              
hits                           INT                 
;                              semicolon_op        
}                              close_brace_op      

--- Abstract Syntax Tree ---
Program "translation_unit"
|-- StructDecl "Value"
|   |-- VarDecl "kind : INT"
|   |-- StructDecl "(unnamed at 9:5)"
|   |   |-- VarDecl "i : INT"
|   |   |-- VarDecl "f : FLOAT"
|   |   `-- VarDecl "c : CHAR"
|   `-- StructDecl "(unnamed at 14:5)"
|       `-- DeclGroup
|           |-- VarDecl "lo : SHORT"
|           `-- VarDecl "hi : SHORT"
|-- VarDecl "value_size_ok : INT_ARRAY"
|-- StructDecl "Packet"
|   |-- VarDecl "tag : CHAR"
|   `-- StructDecl "(unnamed at 23:5)"
|       |-- StructDecl "(unnamed at 24:9)"
|       |   |-- VarDecl "word : INT"
|       |   `-- VarDecl "bytes : CHAR_ARRAY"
|       `-- VarDecl "crc : INT"
|-- VarDecl "packet_size_ok : INT_ARRAY"
|-- StructDecl "Outer"
|   |-- DeclGroup
|   |   |-- StructDecl "Inner"
|   |   |   `-- VarDecl "x : INT"
|   |   `-- VarDecl "in : STRUCT"
|   `-- VarDecl "after : INT"
|-- DeclGroup
|   |-- StructDecl "(unnamed at 37:9)"
|   |   `-- DeclGroup
|   |       |-- VarDecl "x : INT"
|   |       `-- VarDecl "y : INT"
|   |-- TypedefDecl "Pt = STRUCT"
|   `-- TypedefDecl "PtAlias = STRUCT"
|-- DeclGroup
|   |-- StructDecl "(unnamed at 40:1)"
|   |   `-- DeclGroup
|   |       |-- VarDecl "hits : INT"
|   |       `-- VarDecl "misses : INT"
|   `-- VarDecl "stats : STRUCT"
|-- ClassDecl "Register"
|   |-- StructDecl "(unnamed at 45:5)"
|   |   |-- VarDecl "raw : INT"
|   |   `-- VarDecl "low : CHAR"
|   `-- FunctionDef "read : _ZN8Register4readEv"
|       `-- CompoundStmt
|           `-- ReturnStmt
|               `-- Identifier "raw"
|-- FunctionDef "dist2 : _Z5dist22PtPS_"
|   |-- ParamDecl "a : STRUCT"
|   |-- ParamDecl "b : STRUCT_POINTER"
|   `-- CompoundStmt
|       |-- DeclGroup
|       |   |-- VarDecl "dx : INT"
|       |   |   `-- BinaryExpr "-"
|       |   |       |-- MemberExpr "x"
|       |   |       |   `-- Identifier "a"
|       |   |       `-- ArrowExpr "x"
|       |   |           `-- Identifier "b"
|       |   `-- VarDecl "dy : INT"
|       |       `-- BinaryExpr "-"
|       |           |-- MemberExpr "y"
|       |           |   `-- Identifier "a"
|       |           `-- ArrowExpr "y"
|       |               `-- Identifier "b"
|       `-- ReturnStmt
|           `-- BinaryExpr "+"
|               |-- BinaryExpr "*"
|               |   |-- Identifier "dx"
|               |   `-- Identifier "dx"
|               `-- BinaryExpr "*"
|                   |-- Identifier "dy"
|                   `-- Identifier "dy"
`-- FunctionDef "main : main"
    `-- CompoundStmt
        |-- VarDecl "v : STRUCT"
        |-- ExprStmt
        |   `-- AssignExpr "="
        |       |-- MemberExpr "kind"
        |       |   `-- Identifier "v"
        |       `-- IntLiteral "1"
        |-- ExprStmt
        |   `-- AssignExpr "="
        |       |-- MemberExpr "i"
        |       |   `-- Identifier "v"
        |       `-- IntLiteral "42"
        |-- ExprStmt
        |   `-- AssignExpr "="
        |       |-- MemberExpr "f"
        |       |   `-- Identifier "v"
        |       `-- FloatLiteral "1.5f"
        |-- ExprStmt
        |   `-- AssignExpr "="
        |       |-- MemberExpr "lo"
        |       |   `-- Identifier "v"
        |       `-- IntLiteral "3"
        |-- ExprStmt
        |   `-- AssignExpr "="
        |       |-- MemberExpr "hi"
        |       |   `-- Identifier "v"
        |       `-- IntLiteral "4"
        |-- VarDecl "w : STRUCT"
        |   `-- InitializerList
        |       |-- IntLiteral "2"
        |       |-- InitializerList
        |       |   `-- IntLiteral "7"
        |       `-- InitializerList
        |           |-- IntLiteral "1"
        |           `-- IntLiteral "2"
        |-- VarDecl "d : STRUCT"
        |   `-- InitializerList
        |       |-- DesignatedInit ".kind"
        |       |   `-- IntLiteral "3"
        |       |-- DesignatedInit ".c"
        |       |   `-- CharLiteral "'x'"
        |       `-- DesignatedInit ".hi"
        |           `-- IntLiteral "9"
        |-- VarDecl "p : STRUCT"
        |-- ExprStmt
        |   `-- AssignExpr "="
        |       |-- MemberExpr "word"
        |       |   `-- Identifier "p"
        |       `-- IntLiteral "0x01020304"
        |-- ExprStmt
        |   `-- AssignExpr "="
        |       |-- IndexExpr
        |       |   |-- MemberExpr "bytes"
        |       |   |   `-- Identifier "p"
        |       |   `-- IntLiteral "0"
        |       `-- IntLiteral "1"
        |-- ExprStmt
        |   `-- AssignExpr "="
        |       |-- MemberExpr "crc"
        |       |   `-- Identifier "p"
        |       `-- BinaryExpr "^"
        |           |-- MemberExpr "word"
        |           |   `-- Identifier "p"
        |           `-- IntLiteral "0xff"
        |-- VarDecl "o : STRUCT"
        |-- ExprStmt
        |   `-- AssignExpr "="
        |       |-- MemberExpr "x"
        |       |   `-- MemberExpr "in"
        |       |       `-- Identifier "o"
        |       `-- IntLiteral "1"
        |-- ExprStmt
        |   `-- AssignExpr "="
        |       |-- MemberExpr "after"
        |       |   `-- Identifier "o"
        |       `-- IntLiteral "2"
        |-- VarDecl "a : STRUCT"
        |   `-- InitializerList
        |       |-- IntLiteral "1"
        |       `-- IntLiteral "2"
        |-- VarDecl "b : STRUCT"
        |   `-- InitializerList
        |       |-- DesignatedInit ".x"
        |       |   `-- IntLiteral "4"
        |       `-- DesignatedInit ".y"
        |           `-- IntLiteral "6"
        |-- ExprStmt
        |   `-- AssignExpr "="
        |       |-- MemberExpr "hits"
        |       |   `-- Identifier "stats"
        |       `-- CallExpr
        |           |-- Identifier "dist2"
        |           |-- Identifier "a"
        |           `-- UnaryExpr "&"
        |               `-- Identifier "b"
        |-- VarDecl "r : CLASS"
        |-- ExprStmt
        |   `-- AssignExpr "="
        |       |-- MemberExpr "raw"
        |       |   `-- Identifier "r"
        |       `-- IntLiteral "65"
        |-- ExprStmt
        |   `-- AssignExpr "="
        |       |-- MemberExpr "low"
        |       |   `-- Identifier "r"
        |       `-- CharLiteral "'a'"
        `-- ReturnStmt
            `-- BinaryExpr "+"
                |-- BinaryExpr "+"
                |   |-- BinaryExpr "+"
                |   |   |-- BinaryExpr "+"
                |   |   |   |-- BinaryExpr "+"
                |   |   |   |   |-- BinaryExpr "+"
                |   |   |   |   |   |-- BinaryExpr "+"
                |   |   |   |   |   |   |-- MemberExpr "i"
                |   |   |   |   |   |   |   `-- Identifier "v"
                |   |   |   |   |   |   `-- MemberExpr "i"
                |   |   |   |   |   |       `-- Identifier "w"
                |   |   |   |   |   `-- MemberExpr "c"
                |   |   |   |   |       `-- Identifier "d"
                |   |   |   |   `-- MemberExpr "crc"
                |   |   |   |       `-- Identifier "p"
                |   |   |   `-- MemberExpr "after"
                |   |   |       `-- Identifier "o"
                |   |   `-- CallExpr
                |   |       `-- MemberExpr "read"
                |   |           `-- Identifier "r"
                |   `-- MemberExpr "low"
                |       `-- Identifier "r"
                `-- MemberExpr "hits"
                    `-- Identifier "stats"


=== Symbol Table ===
Name                 Kind           Line   Scope                        Type             Qualifiers               Uses      Signature              Mangled Name
----                 ----           ----   -----                        ----             ----------               ----      ---------              ------------
Value                struct_tag     7      global                       STRUCT                                    0                                
Value::kind          struct_member  8      global > struct Value        INT                                       0                                
Value::(unnamed at 9:5) struct_tag     9      global > struct Value        STRUCT                                    0                                
(unnamed at 9:5)::i  struct_member  10     global > struct Value > struct (unnamed at 9:5) INT                                       0                                
(unnamed at 9:5)::f  struct_member  11     global > struct Value > struct (unnamed at 9:5) FLOAT                                     0                                
(unnamed at 9:5)::c  struct_member  12     global > struct Value > struct (unnamed at 9:5) CHAR                                      0                                
Value::(unnamed at 14:5) struct_tag     14     global > struct Value        STRUCT                                    0                                
(unnamed at 14:5)::lo struct_member  15     global > struct Value > struct (unnamed at 14:5) SHORT                                     0                                
(unnamed at 14:5)::hi struct_member  15     global > struct Value > struct (unnamed at 14:5) SHORT                                     0                                
value_size_ok        variable       18     global                       INT_ARRAY        []                       0                                
Packet               struct_tag     21     global                       STRUCT                                    0                                
Packet::tag          struct_member  22     global > struct Packet       CHAR                                      0                                
Packet::(unnamed at 23:5) struct_tag     23     global > struct Packet       STRUCT                                    0                                
(unnamed at 23:5)::(unnamed at 24:9) struct_tag     24     global > struct Packet > struct (unnamed at 23:5) STRUCT                                    0                                
(unnamed at 24:9)::word struct_member  24     global > struct Packet > struct (unnamed at 23:5) > struct (unnamed at 24:9) INT                                       0                                
(unnamed at 24:9)::bytes struct_member  24     global > struct Packet > struct (unnamed at 23:5) > struct (unnamed at 24:9) CHAR_ARRAY       []                       0                                
(unnamed at 23:5)::crc struct_member  25     global > struct Packet > struct (unnamed at 23:5) INT                                       0                                
packet_size_ok       variable       28     global                       INT_ARRAY        []                       0                                
Outer                struct_tag     31     global                       STRUCT                                    0                                
Outer::Inner         struct_tag     32     global > struct Outer        STRUCT                                    0                                
Inner::x             struct_member  32     global > struct Outer > struct Inner INT                                       0                                
Outer::in            struct_member  32     global > struct Outer        STRUCT                                    0                                
Outer::after         struct_member  33     global > struct Outer        INT                                       0                                
(unnamed at 37:9)    struct_tag     37     global                       STRUCT                                    0                                
(unnamed at 37:9)::x struct_member  37     global > struct (unnamed at 37:9) INT                                       0                                
(unnamed at 37:9)::y struct_member  37     global > struct (unnamed at 37:9) INT                                       0                                
Pt                   typedef        37     global                       STRUCT                                    0                                
PtAlias              typedef        37     global                       STRUCT                                    0                                
(unnamed at 40:1)    struct_tag     40     global                       STRUCT                                    0                                
(unnamed at 40:1)::hits struct_member  40     global > struct (unnamed at 40:1) INT                                       0                                
(unnamed at 40:1)::misses struct_member  40     global > struct (unnamed at 40:1) INT                                       0                                
stats                variable       40     global                       STRUCT                                    2                                
Register             class_tag      43     global                       CLASS                                     0                                
Register::(unnamed at 45:5) struct_tag     45     global > class Register      STRUCT                                    0                                
(unnamed at 45:5)::raw struct_member  45     global > class Register > struct (unnamed at 45:5) INT                                       0                                
(unnamed at 45:5)::low struct_member  45     global > class Register > struct (unnamed at 45:5) CHAR                                      0                                
Register::read       class_method   46     global > class Register      PROCEDURE                                 0         INT ()                 _ZN8Register4readEv
dist2                procedure      49     global                       PROCEDURE                                 1         INT (STRUCT, STRUCT_POINTER) _Z5dist22PtPS_
a                    parameter      49     global > dist2()             STRUCT                                    2                                
b                    parameter      49     global > dist2()             STRUCT_POINTER                            2                                
dx                   variable       49     global > dist2()             INT                                       2                                
dy                   variable       49     global > dist2()             INT                                       2                                
main                 procedure      51     global                       PROCEDURE                                 0         INT ()                 main
v                    variable       52     global > main()              STRUCT                                    6                                
w                    variable       59     global > main()              STRUCT                                    1                                
d                    variable       60     global > main()              STRUCT                                    1                                
p                    variable       62     global > main()              STRUCT                                    5                                
o                    variable       67     global > main()              STRUCT                                    3                                
a                    variable       71     global > main()              STRUCT                                    1                                
b                    variable       72     global > main()              STRUCT                                    1                                
r                    variable       75     global > main()              CLASS                                     4                                
