=========================================
       SEMANTIC ANALYSIS REPORT
=========================================

Source File : /home/amirishetty/parsing stage/parsing stage work/phase2b-semantic/test/valid/v23_anonymous_unions.c

Semantic analysis successful: 0 error(s), 0 warning(s) in '/home/amirishetty/parsing stage/parsing stage work/phase2b-semantic/test/valid/v23_anonymous_unions.c'.

=== Annotated AST ===
Program "translation_unit"
|-- UnionDecl "(unnamed at 5:8)"  <union (unnamed at 5:8)>  -> __anon_union.1 (variable, global)
|   |-- VarDecl "bits : INT"  <int>  -> (unnamed at 5:8)::bits (field, member)
|   `-- VarDecl "real : FLOAT"  <float>  -> (unnamed at 5:8)::real (field, member)
|-- FunctionDef "classify : _Z8classifyi"  <int (int)>  -> _Z8classifyi (function)
|   |-- ParamDecl "v : INT"  <int>  -> v.1 (parameter, param)
|   `-- CompoundStmt
|       |-- UnionDecl "(unnamed at 8:5)"  <union (unnamed at 8:5)>  -> __anon_union.2 (variable, local)
|       |   |-- VarDecl "word : INT"  <int>  -> (unnamed at 8:5)::word (field, member)
|       |   |-- VarDecl "bytes : CHAR_ARRAY"  <char[4]>  -> (unnamed at 8:5)::bytes (field, member)
|       |   `-- UnionDecl "(unnamed at 11:9)"  <union (unnamed at 11:9)>  -> (unnamed at 11:9) (tag)
|       |       |-- VarDecl "half : SHORT"  <short>  -> (unnamed at 11:9)::half (field, member)
|       |       `-- VarDecl "first : CHAR"  <char>  -> (unnamed at 11:9)::first (field, member)
|       |-- ExprStmt
|       |   `-- AssignExpr "="  <int>
|       |       |-- Identifier "word"  <int> lvalue  -> __anon_union.2.word (variable, local)
|       |       `-- Identifier "v"  <int> lvalue  -> v.1 (parameter, param)
|       |-- IfStmt
|       |   |-- BinaryExpr "=="  <int>
|       |   |   |-- IndexExpr  <char> lvalue
|       |   |   |   |-- Identifier "bytes"  <char[4]> lvalue  -> __anon_union.2.bytes (variable, local)
|       |   |   |   `-- IntLiteral "0"  <int> =0
|       |   |   `-- IntLiteral "0"  <int> =0
|       |   `-- ReturnStmt
|       |       `-- Identifier "half"  <short> lvalue  -> __anon_union.2.half (variable, local)
|       `-- ReturnStmt
|           `-- BinaryExpr "+"  <int>
|               |-- Identifier "first"  <char> lvalue  -> __anon_union.2.first (variable, local)
|               `-- Identifier "word"  <int> lvalue  -> __anon_union.2.word (variable, local)
|-- FunctionDef "counter : _Z7counterv"  <int (void)>  -> _Z7counterv (function)
|   `-- CompoundStmt
|       |-- UnionDecl "(unnamed at 19:12)"  <union (unnamed at 19:12)>  -> __anon_union.3 (variable, static)
|       |   |-- VarDecl "calls : INT"  <int>  -> (unnamed at 19:12)::calls (field, member)
|       |   `-- VarDecl "u : UNSIGNED"  <unsigned int>  -> (unnamed at 19:12)::u (field, member)
|       |-- ExprStmt
|       |   `-- AssignExpr "="  <int>
|       |       |-- Identifier "calls"  <int> lvalue  -> __anon_union.3.calls (variable, static)
|       |       `-- BinaryExpr "+"  <int>
|       |           |-- Identifier "calls"  <int> lvalue  -> __anon_union.3.calls (variable, static)
|       |           `-- IntLiteral "1"  <int> =1
|       `-- ReturnStmt
|           `-- Identifier "calls"  <int> lvalue  -> __anon_union.3.calls (variable, static)
`-- FunctionDef "main : main"  <int (void)>  -> main (function)
    `-- CompoundStmt
        |-- ExprStmt
        |   `-- AssignExpr "="  <int>
        |       |-- Identifier "bits"  <int> lvalue  -> __anon_union.1.bits (variable, global)
        |       `-- IntLiteral "0"  <int> =0
        |-- ExprStmt
        |   `-- AssignExpr "="  <float>
        |       |-- Identifier "real"  <float> lvalue  -> __anon_union.1.real (variable, global)
        |       `-- FloatLiteral "1.5f"  <float>
        |-- VarDecl "p : INT_POINTER"  <int *>  -> p.2 (variable, local)
        |   `-- UnaryExpr "&"  <int *>
        |       `-- Identifier "bits"  <int> lvalue  -> __anon_union.1.bits (variable, global)
        |-- VarDecl "n : INT"  <int>  -> n.3 (variable, local)
        |   `-- BinaryExpr "+"  <unsigned int> =8
        |       |-- SizeofExpr  <unsigned int> =4
        |       |   `-- Identifier "real"  <float> lvalue  -> __anon_union.1.real (variable, global)
        |       `-- SizeofExpr  <unsigned int> =4
        |           `-- Identifier "bits"  <int> lvalue  -> __anon_union.1.bits (variable, global)
        |-- ForStmt
        |   |-- VarDecl "i : INT"  <int>  -> i.4 (variable, local)
        |   |   `-- IntLiteral "0"  <int> =0
        |   |-- ExprStmt
        |   |   `-- BinaryExpr "<"  <int>
        |   |       |-- Identifier "i"  <int> lvalue  -> i.4 (variable, local)
        |   |       `-- IntLiteral "3"  <int> =3
        |   |-- PostfixOpExpr "++"  <int>
        |   |   `-- Identifier "i"  <int> lvalue  -> i.4 (variable, local)
        |   `-- CompoundStmt
        |       |-- UnionDecl "(unnamed at 30:9)"  <union (unnamed at 30:9)>  -> __anon_union.4 (variable, local)
        |       |   |-- VarDecl "k : INT"  <int>  -> (unnamed at 30:9)::k (field, member)
        |       |   `-- VarDecl "kf : FLOAT"  <float>  -> (unnamed at 30:9)::kf (field, member)
        |       |-- ExprStmt
        |       |   `-- AssignExpr "="  <int>
        |       |       |-- Identifier "k"  <int> lvalue  -> __anon_union.4.k (variable, local)
        |       |       `-- Identifier "i"  <int> lvalue  -> i.4 (variable, local)
        |       `-- ExprStmt
        |           `-- AssignExpr "="  <int>
        |               |-- Identifier "n"  <int> lvalue  -> n.3 (variable, local)
        |               `-- BinaryExpr "+"  <int>
        |                   |-- Identifier "n"  <int> lvalue  -> n.3 (variable, local)
        |                   `-- Identifier "k"  <int> lvalue  -> __anon_union.4.k (variable, local)
        |-- UnionDecl "(unnamed at 34:5)"  <union (unnamed at 34:5)>  -> __anon_union.5 (variable, local)
        |   |-- VarDecl "total : LONG"  <long>  -> (unnamed at 34:5)::total (field, member)
        |   `-- VarDecl "tag : CHAR"  <char>  -> (unnamed at 34:5)::tag (field, member)
        |-- ExprStmt
        |   `-- AssignExpr "="  <long>
        |       |-- Identifier "total"  <long> lvalue  -> __anon_union.5.total (variable, local)
        |       `-- BinaryExpr "+"  <int>
        |           |-- CallExpr  <int>  -> _Z8classifyi (function)
        |           |   |-- Identifier "classify"  <int (int)>  -> _Z8classifyi (function)
        |           |   `-- Identifier "n"  <int> lvalue  -> n.3 (variable, local)
        |           `-- CallExpr  <int>  -> _Z7counterv (function)
        |               `-- Identifier "counter"  <int (void)>  -> _Z7counterv (function)
        |-- ExprStmt
        |   `-- AssignExpr "="  <char>
        |       |-- Identifier "tag"  <char> lvalue  -> __anon_union.5.tag (variable, local)
        |       `-- CharLiteral "'z'"  <char> =122
        `-- ReturnStmt
            `-- BinaryExpr "+"  <int>
                |-- BinaryExpr "+"  <int>
                |   |-- BinaryExpr "+"  <int>
                |   |   |-- UnaryExpr "*"  <int> lvalue
                |   |   |   `-- Identifier "p"  <int *> lvalue  -> p.2 (variable, local)
                |   |   `-- Identifier "n"  <int> lvalue  -> n.3 (variable, local)
                |   `-- CastExpr "INT"  <int>
                |       `-- Identifier "total"  <long> lvalue  -> __anon_union.5.total (variable, local)
                `-- Identifier "tag"  <char> lvalue  -> __anon_union.5.tag (variable, local)

=== Semantic Symbol Table ===
Name               Kind           Type                       Storage  Scope                          Line  Size  Uses  Unique Name          Mangled Name             Notes
----               ----           ----                       -------  -----                          ----  ----  ----  -----------          ------------             -----
(unnamed at 5:8)   union_tag      union (unnamed at 5:8)     -        global                         5     -     0     (unnamed at 5:8)     -                        size 4
(unnamed at 5:8)::bits field          int                        member   global > union (unnamed at 5:8) 5     4     0     (unnamed at 5:8)::bits -                        public, offset 0
(unnamed at 5:8)::real field          float                      member   global > union (unnamed at 5:8) 5     4     0     (unnamed at 5:8)::real -                        public, offset 0
(unnamed)          variable       union (unnamed at 5:8)     global   global                         5     4     0     __anon_union.1       -                        static
bits               variable       int                        global   global                         5     4     3     __anon_union.1.bits  -                        static, in __anon_union.1, offset 0
real               variable       float                      global   global                         5     4     2     __anon_union.1.real  -                        static, in __anon_union.1, offset 0
classify           function       int (int)                  -        global                         7     -     1     _Z8classifyi         _Z8classifyi             defined
v                  parameter      int                        param    global > classify()            7     4     1     v.1                  -                        
(unnamed at 8:5)   union_tag      union (unnamed at 8:5)     -        global > classify()            8     -     0     (unnamed at 8:5)     -                        size 4
(unnamed at 8:5)::word field          int                        member   global > classify() > union (unnamed at 8:5) 9     4     0     (unnamed at 8:5)::word -                        public, offset 0
(unnamed at 8:5)::bytes field          char[4]                    member   global > classify() > union (unnamed at 8:5) 10    4     0     (unnamed at 8:5)::bytes -                        public, offset 0
(unnamed at 11:9)  union_tag      union (unnamed at 11:9)    -        global > classify()            11    -     0     (unnamed at 11:9)    -                        size 2
(unnamed at 11:9)::half field          short                      member   global > classify() > union (unnamed at 8:5) > union (unnamed at 11:9) 11    2     0     (unnamed at 11:9)::half -                        public, offset 0
(unnamed at 11:9)::first field          char                       member   global > classify() > union (unnamed at 8:5) > union (unnamed at 11:9) 11    1     0     (unnamed at 11:9)::first -                        public, offset 0
(unnamed)          field          union (unnamed at 11:9)    member   global > classify() > union (unnamed at 8:5) 11    2     0     (unnamed at 8:5)::(unnamed at 11:9) -                        public, offset 0
(unnamed)          variable       union (unnamed at 8:5)     local    global > classify()            8     4     0     __anon_union.2       -                        
word               variable       int                        local    global > classify()            9     4     2     __anon_union.2.word  -                        in __anon_union.2, offset 0
bytes              variable       char[4]                    local    global > classify()            10    4     1     __anon_union.2.bytes -                        in __anon_union.2, offset 0
half               variable       short                      local    global > classify()            11    2     1     __anon_union.2.half  -                        in __anon_union.2, offset 0
first              variable       char                       local    global > classify()            11    1     1     __anon_union.2.first -                        in __anon_union.2, offset 0
counter            function       int (void)                 -        global                         18    -     1     _Z7counterv          _Z7counterv              defined
(unnamed at 19:12) union_tag      union (unnamed at 19:12)   -        global > counter()             19    -     0     (unnamed at 19:12)   -                        size 4
(unnamed at 19:12)::calls field          int                        member   global > counter() > union (unnamed at 19:12) 19    4     0     (unnamed at 19:12)::calls -                        public, offset 0
(unnamed at 19:12)::u field          unsigned int               member   global > counter() > union (unnamed at 19:12) 19    4     0     (unnamed at 19:12)::u -                        public, offset 0
(unnamed)          variable       union (unnamed at 19:12)   static   global > counter()             19    4     0     __anon_union.3       -                        static
calls              variable       int                        static   global > counter()             19    4     3     __anon_union.3.calls -                        static, in __anon_union.3, offset 0
u                  variable       unsigned int               static   global > counter()             19    4     0     __anon_union.3.u     -                        static, in __anon_union.3, offset 0
main               function       int (void)                 -        global                         24    -     0     main                 main                     defined
p                  variable       int *                      local    global > main()                27    4     1     p.2                  -                        
n                  variable       int                        local    global > main()                28    4     4     n.3                  -                        
i                  variable       int                        local    global > main() > for          29    4     3     i.4                  -                        
(unnamed at 30:9)  union_tag      union (unnamed at 30:9)    -        global > main() > for > for body 30    -     0     (unnamed at 30:9)    -                        size 4
(unnamed at 30:9)::k field          int                        member   global > main() > for > for body > union (unnamed at 30:9) 30    4     0     (unnamed at 30:9)::k -                        public, offset 0
(unnamed at 30:9)::kf field          float                      member   global > main() > for > for body > union (unnamed at 30:9) 30    4     0     (unnamed at 30:9)::kf -                        public, offset 0
(unnamed)          variable       union (unnamed at 30:9)    local    global > main() > for > for body 30    4     0     __anon_union.4       -                        
k                  variable       int                        local    global > main() > for > for body 30    4     2     __anon_union.4.k     -                        in __anon_union.4, offset 0
kf                 variable       float                      local    global > main() > for > for body 30    4     0     __anon_union.4.kf    -                        in __anon_union.4, offset 0
(unnamed at 34:5)  union_tag      union (unnamed at 34:5)    -        global > main()                34    -     0     (unnamed at 34:5)    -                        size 4
(unnamed at 34:5)::total field          long                       member   global > main() > union (unnamed at 34:5) 34    4     0     (unnamed at 34:5)::total -                        public, offset 0
(unnamed at 34:5)::tag field          char                       member   global > main() > union (unnamed at 34:5) 34    1     0     (unnamed at 34:5)::tag -                        public, offset 0
(unnamed)          variable       union (unnamed at 34:5)    local    global > main()                34    4     0     __anon_union.5       -                        
total              variable       long                       local    global > main()                34    4     2     __anon_union.5.total -                        in __anon_union.5, offset 0
tag                variable       char                       local    global > main()                34    1     2     __anon_union.5.tag   -                        in __anon_union.5, offset 0

=== Record Layouts (MIPS32) ===
union (unnamed at 5:8): size 4, align 4
    +0  int bits  [public]
    +0  float real  [public]
union (unnamed at 8:5): size 4, align 4
    +0  int word  [public]
    +0  char[4] bytes  [public]
    +0  union (unnamed at 11:9)   [public]
    +0  short half  [public]  (from the unnamed member)
    +0  char first  [public]  (from the unnamed member)
union (unnamed at 11:9): size 2, align 2
    +0  short half  [public]
    +0  char first  [public]
union (unnamed at 19:12): size 4, align 4
    +0  int calls  [public]
    +0  unsigned int u  [public]
union (unnamed at 30:9): size 4, align 4
    +0  int k  [public]
    +0  float kf  [public]
union (unnamed at 34:5): size 4, align 4
    +0  long total  [public]
    +0  char tag  [public]
